2026-03-24 10:11:58 [INFO] Commencing graceful shutdown. Waiting for active requests to complete
2026-03-24 10:11:58 [INFO] Graceful shutdown complete
2026-03-24 10:11:58 [INFO] Closing JPA EntityManagerFactory for persistence unit 'default'
2026-03-24 10:11:58 [INFO] HikariPool-2 - Shutdown initiated...
2026-03-24 10:11:58 [INFO] HikariPool-2 - Shutdown completed.
2026-03-24 10:12:07 [INFO] Starting Application using Java 18.0.2.1 with PID 1076 (C:\Users\om.kariya\Documents\tss swabhav training\AdvancedMapping\target\classes started by Om.Kariya in C:\Users\om.kariya\Documents\tss swabhav training)
2026-03-24 10:12:07 [INFO] No active profile set, falling back to 1 default profile: "default"
2026-03-24 10:12:08 [INFO] Devtools property defaults active! Set 'spring.devtools.add-properties' to 'false' to disable
2026-03-24 10:12:08 [INFO] For additional web related logging consider setting the 'logging.level.web' property to 'DEBUG'
2026-03-24 10:12:08 [INFO] HV000001: Hibernate Validator 9.0.1.Final
2026-03-24 10:12:09 [INFO] Bootstrapping Spring Data JPA repositories in DEFAULT mode.
2026-03-24 10:12:09 [INFO] Finished Spring Data repository scanning in 158 ms. Found 4 JPA repository interfaces.
2026-03-24 10:12:11 [INFO] Tomcat initialized with port 8080 (http)
2026-03-24 10:12:11 [INFO] Initializing ProtocolHandler ["http-nio-8080"]
2026-03-24 10:12:11 [INFO] Starting service [Tomcat]
2026-03-24 10:12:11 [INFO] Starting Servlet engine: [Apache Tomcat/11.0.18]
2026-03-24 10:12:11 [INFO] Root WebApplicationContext: initialization completed in 3321 ms
2026-03-24 10:12:11 [INFO] HHH008540: Processing PersistenceUnitInfo [name: default]
2026-03-24 10:12:11 [INFO] HHH000001: Hibernate ORM core version 7.2.4.Final
2026-03-24 10:12:12 [INFO] No LoadTimeWeaver setup: ignoring JPA class transformer
2026-03-24 10:12:13 [INFO] HikariPool-1 - Starting...
2026-03-24 10:12:13 [INFO] HikariPool-1 - Added connection org.postgresql.jdbc.PgConnection@2a83b276
2026-03-24 10:12:13 [INFO] HikariPool-1 - Start completed.
2026-03-24 10:12:13 [INFO] HHH10001005: Database info:
	Database JDBC URL [jdbc:postgresql://localhost:5432/AdvancedMapping]
	Database driver: PostgreSQL JDBC Driver
	Database dialect: PostgreSQLDialect
	Database version: 18.3
	Default catalog/schema: AdvancedMapping/public
	Autocommit mode: undefined/unknown
	Isolation level: READ_COMMITTED [default READ_COMMITTED]
	JDBC fetch size: none
	Pool: DataSourceConnectionProvider
	Minimum pool size: undefined/unknown
	Maximum pool size: undefined/unknown
2026-03-24 10:12:16 [INFO] HHH000489: No JTA platform available (set 'hibernate.transaction.jta.platform' to enable JTA platform integration)
2026-03-24 10:12:16 [INFO] Initialized JPA EntityManagerFactory for persistence unit 'default'
2026-03-24 10:12:16 [INFO] Hibernate is in classpath; If applicable, HQL parser will be used.
2026-03-24 10:12:17 [INFO] Starting ProtocolHandler ["http-nio-8080"]
2026-03-24 10:12:17 [INFO] Tomcat started on port 8080 (http) with context path '/'
2026-03-24 10:12:17 [INFO] Started Application in 11.505 seconds (process running for 13.465)
2026-03-24 10:15:00 [INFO] Initializing Spring DispatcherServlet 'dispatcherServlet'
2026-03-24 10:15:00 [INFO] Initializing Servlet 'dispatcherServlet'
2026-03-24 10:15:00 [INFO] Completed initialization in 26 ms
2026-03-24 10:35:57 [INFO] Restarting due to 2 class path changes (0 additions, 2 deletions, 0 modifications)
2026-03-24 10:35:58 [INFO] Commencing graceful shutdown. Waiting for active requests to complete
2026-03-24 10:35:58 [INFO] Pausing ProtocolHandler ["http-nio-8080"]
2026-03-24 10:35:58 [INFO] Graceful shutdown complete
2026-03-24 10:35:58 [INFO] Stopping ProtocolHandler ["http-nio-8080"]
2026-03-24 10:35:58 [INFO] Closing JPA EntityManagerFactory for persistence unit 'default'
2026-03-24 10:35:58 [INFO] HikariPool-1 - Shutdown initiated...
2026-03-24 10:35:58 [INFO] HikariPool-1 - Shutdown completed.
2026-03-24 10:35:59 [INFO] Starting Application using Java 18.0.2.1 with PID 1076 (C:\Users\om.kariya\Documents\tss swabhav training\AdvancedMapping\target\classes started by Om.Kariya in C:\Users\om.kariya\Documents\tss swabhav training)
2026-03-24 10:35:59 [INFO] No active profile set, falling back to 1 default profile: "default"
2026-03-24 10:36:00 [INFO] Bootstrapping Spring Data JPA repositories in DEFAULT mode.
2026-03-24 10:36:00 [INFO] Finished Spring Data repository scanning in 59 ms. Found 3 JPA repository interfaces.
2026-03-24 10:36:00 [INFO] Tomcat initialized with port 8080 (http)
2026-03-24 10:36:00 [INFO] Initializing ProtocolHandler ["http-nio-8080"]
2026-03-24 10:36:00 [INFO] Starting service [Tomcat]
2026-03-24 10:36:00 [INFO] Starting Servlet engine: [Apache Tomcat/11.0.18]
2026-03-24 10:36:00 [INFO] Root WebApplicationContext: initialization completed in 1111 ms
2026-03-24 10:36:00 [INFO] HHH008540: Processing PersistenceUnitInfo [name: default]
2026-03-24 10:36:01 [INFO] No LoadTimeWeaver setup: ignoring JPA class transformer
2026-03-24 10:36:01 [INFO] HikariPool-2 - Starting...
2026-03-24 10:36:01 [INFO] HikariPool-2 - Added connection org.postgresql.jdbc.PgConnection@28d311fd
2026-03-24 10:36:01 [INFO] HikariPool-2 - Start completed.
2026-03-24 10:36:01 [INFO] HHH10001005: Database info:
	Database JDBC URL [jdbc:postgresql://localhost:5432/AdvancedMapping]
	Database driver: PostgreSQL JDBC Driver
	Database dialect: PostgreSQLDialect
	Database version: 18.3
	Default catalog/schema: AdvancedMapping/public
	Autocommit mode: undefined/unknown
	Isolation level: READ_COMMITTED [default READ_COMMITTED]
	JDBC fetch size: none
	Pool: DataSourceConnectionProvider
	Minimum pool size: undefined/unknown
	Maximum pool size: undefined/unknown
2026-03-24 10:36:01 [INFO] HHH000489: No JTA platform available (set 'hibernate.transaction.jta.platform' to enable JTA platform integration)
2026-03-24 10:36:01 [INFO] Initialized JPA EntityManagerFactory for persistence unit 'default'
2026-03-24 10:36:01 [INFO] Closing JPA EntityManagerFactory for persistence unit 'default'
2026-03-24 10:36:01 [INFO] HikariPool-2 - Shutdown initiated...
2026-03-24 10:36:01 [INFO] HikariPool-2 - Shutdown completed.
2026-03-24 10:36:01 [INFO] Stopping service [Tomcat]
2026-03-24 10:36:01 [INFO] 

Error starting ApplicationContext. To display the condition evaluation report re-run your application with 'debug' enabled.
2026-03-24 10:36:04 [INFO] Starting Application using Java 18.0.2.1 with PID 1076 (C:\Users\om.kariya\Documents\tss swabhav training\AdvancedMapping\target\classes started by Om.Kariya in C:\Users\om.kariya\Documents\tss swabhav training)
2026-03-24 10:36:04 [INFO] No active profile set, falling back to 1 default profile: "default"
2026-03-24 10:36:07 [INFO] Bootstrapping Spring Data JPA repositories in DEFAULT mode.
2026-03-24 10:36:07 [INFO] Finished Spring Data repository scanning in 229 ms. Found 4 JPA repository interfaces.
2026-03-24 10:36:07 [INFO] Tomcat initialized with port 8080 (http)
2026-03-24 10:36:07 [INFO] Initializing ProtocolHandler ["http-nio-8080"]
2026-03-24 10:36:07 [INFO] Starting service [Tomcat]
2026-03-24 10:36:07 [INFO] Starting Servlet engine: [Apache Tomcat/11.0.18]
2026-03-24 10:36:08 [INFO] Root WebApplicationContext: initialization completed in 3071 ms
2026-03-24 10:36:08 [INFO] HHH008540: Processing PersistenceUnitInfo [name: default]
2026-03-24 10:36:08 [INFO] No LoadTimeWeaver setup: ignoring JPA class transformer
2026-03-24 10:36:08 [INFO] HikariPool-3 - Starting...
2026-03-24 10:36:09 [INFO] HikariPool-3 - Added connection org.postgresql.jdbc.PgConnection@6ef91aa1
2026-03-24 10:36:09 [INFO] HikariPool-3 - Start completed.
2026-03-24 10:36:09 [INFO] HHH10001005: Database info:
	Database JDBC URL [jdbc:postgresql://localhost:5432/AdvancedMapping]
	Database driver: PostgreSQL JDBC Driver
	Database dialect: PostgreSQLDialect
	Database version: 18.3
	Default catalog/schema: AdvancedMapping/public
	Autocommit mode: undefined/unknown
	Isolation level: READ_COMMITTED [default READ_COMMITTED]
	JDBC fetch size: none
	Pool: DataSourceConnectionProvider
	Minimum pool size: undefined/unknown
	Maximum pool size: undefined/unknown
2026-03-24 10:36:09 [INFO] HHH000489: No JTA platform available (set 'hibernate.transaction.jta.platform' to enable JTA platform integration)
2026-03-24 10:36:09 [INFO] Initialized JPA EntityManagerFactory for persistence unit 'default'
2026-03-24 10:36:11 [INFO] Starting ProtocolHandler ["http-nio-8080"]
2026-03-24 10:36:11 [INFO] Tomcat started on port 8080 (http) with context path '/'
2026-03-24 10:36:11 [INFO] Started Application in 6.505 seconds (process running for 1446.933)
2026-03-24 10:36:11 [INFO] Condition evaluation unchanged
2026-03-24 10:36:27 [INFO] Commencing graceful shutdown. Waiting for active requests to complete
2026-03-24 10:36:28 [INFO] Graceful shutdown complete
2026-03-24 10:36:28 [INFO] Closing JPA EntityManagerFactory for persistence unit 'default'
2026-03-24 10:36:28 [INFO] HikariPool-3 - Shutdown initiated...
2026-03-24 10:36:28 [INFO] HikariPool-3 - Shutdown completed.
2026-03-24 10:36:34 [INFO] Starting Application using Java 18.0.2.1 with PID 13768 (C:\Users\om.kariya\Documents\tss swabhav training\AdvancedMapping\target\classes started by Om.Kariya in C:\Users\om.kariya\Documents\tss swabhav training)
2026-03-24 10:36:34 [INFO] No active profile set, falling back to 1 default profile: "default"
2026-03-24 10:36:34 [INFO] Devtools property defaults active! Set 'spring.devtools.add-properties' to 'false' to disable
2026-03-24 10:36:34 [INFO] For additional web related logging consider setting the 'logging.level.web' property to 'DEBUG'
2026-03-24 10:36:35 [INFO] HV000001: Hibernate Validator 9.0.1.Final
2026-03-24 10:36:37 [INFO] Bootstrapping Spring Data JPA repositories in DEFAULT mode.
2026-03-24 10:36:37 [INFO] Finished Spring Data repository scanning in 265 ms. Found 4 JPA repository interfaces.
2026-03-24 10:36:39 [INFO] Tomcat initialized with port 8080 (http)
2026-03-24 10:36:39 [INFO] Initializing ProtocolHandler ["http-nio-8080"]
2026-03-24 10:36:39 [INFO] Starting service [Tomcat]
2026-03-24 10:36:39 [INFO] Starting Servlet engine: [Apache Tomcat/11.0.18]
2026-03-24 10:36:39 [INFO] Root WebApplicationContext: initialization completed in 5066 ms
2026-03-24 10:36:40 [INFO] HHH008540: Processing PersistenceUnitInfo [name: default]
2026-03-24 10:36:40 [INFO] HHH000001: Hibernate ORM core version 7.2.4.Final
2026-03-24 10:36:41 [INFO] No LoadTimeWeaver setup: ignoring JPA class transformer
2026-03-24 10:36:41 [INFO] HikariPool-1 - Starting...
2026-03-24 10:36:42 [INFO] HikariPool-1 - Added connection org.postgresql.jdbc.PgConnection@6de50de
2026-03-24 10:36:42 [INFO] HikariPool-1 - Start completed.
2026-03-24 10:36:42 [INFO] HHH10001005: Database info:
	Database JDBC URL [jdbc:postgresql://localhost:5432/AdvancedMapping]
	Database driver: PostgreSQL JDBC Driver
	Database dialect: PostgreSQLDialect
	Database version: 18.3
	Default catalog/schema: AdvancedMapping/public
	Autocommit mode: undefined/unknown
	Isolation level: READ_COMMITTED [default READ_COMMITTED]
	JDBC fetch size: none
	Pool: DataSourceConnectionProvider
	Minimum pool size: undefined/unknown
	Maximum pool size: undefined/unknown
2026-03-24 10:36:45 [INFO] HHH000489: No JTA platform available (set 'hibernate.transaction.jta.platform' to enable JTA platform integration)
2026-03-24 10:36:45 [INFO] Initialized JPA EntityManagerFactory for persistence unit 'default'
2026-03-24 10:36:46 [INFO] Hibernate is in classpath; If applicable, HQL parser will be used.
2026-03-24 10:36:50 [INFO] Starting ProtocolHandler ["http-nio-8080"]
2026-03-24 10:36:50 [INFO] Tomcat started on port 8080 (http) with context path '/'
2026-03-24 10:36:50 [INFO] Started Application in 17.502 seconds (process running for 19.654)
2026-03-24 10:37:03 [INFO] Initializing Spring DispatcherServlet 'dispatcherServlet'
2026-03-24 10:37:03 [INFO] Initializing Servlet 'dispatcherServlet'
2026-03-24 10:37:03 [INFO] Completed initialization in 1 ms
2026-03-24 10:53:06 [INFO] Restarting due to 1 class path change (0 additions, 1 deletion, 0 modifications)
2026-03-24 10:53:06 [INFO] Commencing graceful shutdown. Waiting for active requests to complete
2026-03-24 10:53:06 [INFO] Pausing ProtocolHandler ["http-nio-8080"]
2026-03-24 10:53:07 [INFO] Graceful shutdown complete
2026-03-24 10:53:07 [INFO] Stopping ProtocolHandler ["http-nio-8080"]
2026-03-24 10:53:07 [INFO] Closing JPA EntityManagerFactory for persistence unit 'default'
2026-03-24 10:53:07 [INFO] HikariPool-1 - Shutdown initiated...
2026-03-24 10:53:07 [INFO] HikariPool-1 - Shutdown completed.
2026-03-24 10:53:08 [INFO] Starting Application using Java 18.0.2.1 with PID 13768 (C:\Users\om.kariya\Documents\tss swabhav training\AdvancedMapping\target\classes started by Om.Kariya in C:\Users\om.kariya\Documents\tss swabhav training)
2026-03-24 10:53:08 [INFO] No active profile set, falling back to 1 default profile: "default"
2026-03-24 10:53:09 [INFO] Bootstrapping Spring Data JPA repositories in DEFAULT mode.
2026-03-24 10:53:09 [INFO] Finished Spring Data repository scanning in 66 ms. Found 3 JPA repository interfaces.
2026-03-24 10:53:09 [INFO] Tomcat initialized with port 8080 (http)
2026-03-24 10:53:09 [INFO] Initializing ProtocolHandler ["http-nio-8080"]
2026-03-24 10:53:09 [INFO] Starting service [Tomcat]
2026-03-24 10:53:09 [INFO] Starting Servlet engine: [Apache Tomcat/11.0.18]
2026-03-24 10:53:09 [INFO] Root WebApplicationContext: initialization completed in 1668 ms
2026-03-24 10:53:10 [INFO] HHH008540: Processing PersistenceUnitInfo [name: default]
2026-03-24 10:53:10 [INFO] No LoadTimeWeaver setup: ignoring JPA class transformer
2026-03-24 10:53:10 [INFO] HikariPool-2 - Starting...
2026-03-24 10:53:10 [INFO] HikariPool-2 - Added connection org.postgresql.jdbc.PgConnection@5cdbf5aa
2026-03-24 10:53:10 [INFO] HikariPool-2 - Start completed.
2026-03-24 10:53:10 [INFO] HHH10001005: Database info:
	Database JDBC URL [jdbc:postgresql://localhost:5432/AdvancedMapping]
	Database driver: PostgreSQL JDBC Driver
	Database dialect: PostgreSQLDialect
	Database version: 18.3
	Default catalog/schema: AdvancedMapping/public
	Autocommit mode: undefined/unknown
	Isolation level: READ_COMMITTED [default READ_COMMITTED]
	JDBC fetch size: none
	Pool: DataSourceConnectionProvider
	Minimum pool size: undefined/unknown
	Maximum pool size: undefined/unknown
2026-03-24 10:53:10 [INFO] HHH000489: No JTA platform available (set 'hibernate.transaction.jta.platform' to enable JTA platform integration)
2026-03-24 10:53:11 [INFO] Initialized JPA EntityManagerFactory for persistence unit 'default'
2026-03-24 10:53:11 [INFO] Closing JPA EntityManagerFactory for persistence unit 'default'
2026-03-24 10:53:11 [INFO] HikariPool-2 - Shutdown initiated...
2026-03-24 10:53:11 [INFO] HikariPool-2 - Shutdown completed.
2026-03-24 10:53:11 [INFO] Stopping service [Tomcat]
2026-03-24 10:53:11 [INFO] 

Error starting ApplicationContext. To display the condition evaluation report re-run your application with 'debug' enabled.
2026-03-24 10:53:13 [INFO] Starting Application using Java 18.0.2.1 with PID 13768 (C:\Users\om.kariya\Documents\tss swabhav training\AdvancedMapping\target\classes started by Om.Kariya in C:\Users\om.kariya\Documents\tss swabhav training)
2026-03-24 10:53:13 [INFO] No active profile set, falling back to 1 default profile: "default"
2026-03-24 10:53:14 [INFO] Bootstrapping Spring Data JPA repositories in DEFAULT mode.
2026-03-24 10:53:14 [INFO] Finished Spring Data repository scanning in 135 ms. Found 4 JPA repository interfaces.
2026-03-24 10:53:14 [INFO] Tomcat initialized with port 8080 (http)
2026-03-24 10:53:14 [INFO] Initializing ProtocolHandler ["http-nio-8080"]
2026-03-24 10:53:14 [INFO] Starting service [Tomcat]
2026-03-24 10:53:14 [INFO] Starting Servlet engine: [Apache Tomcat/11.0.18]
2026-03-24 10:53:14 [INFO] Root WebApplicationContext: initialization completed in 1403 ms
2026-03-24 10:53:15 [INFO] HHH008540: Processing PersistenceUnitInfo [name: default]
2026-03-24 10:53:15 [INFO] No LoadTimeWeaver setup: ignoring JPA class transformer
2026-03-24 10:53:15 [INFO] HikariPool-3 - Starting...
2026-03-24 10:53:15 [INFO] HikariPool-3 - Added connection org.postgresql.jdbc.PgConnection@3da9ab9e
2026-03-24 10:53:15 [INFO] HikariPool-3 - Start completed.
2026-03-24 10:53:15 [INFO] HHH10001005: Database info:
	Database JDBC URL [jdbc:postgresql://localhost:5432/AdvancedMapping]
	Database driver: PostgreSQL JDBC Driver
	Database dialect: PostgreSQLDialect
	Database version: 18.3
	Default catalog/schema: AdvancedMapping/public
	Autocommit mode: undefined/unknown
	Isolation level: READ_COMMITTED [default READ_COMMITTED]
	JDBC fetch size: none
	Pool: DataSourceConnectionProvider
	Minimum pool size: undefined/unknown
	Maximum pool size: undefined/unknown
2026-03-24 10:53:15 [INFO] HHH000489: No JTA platform available (set 'hibernate.transaction.jta.platform' to enable JTA platform integration)
2026-03-24 10:53:15 [INFO] Initialized JPA EntityManagerFactory for persistence unit 'default'
2026-03-24 10:53:16 [INFO] Closing JPA EntityManagerFactory for persistence unit 'default'
2026-03-24 10:53:16 [INFO] HikariPool-3 - Shutdown initiated...
2026-03-24 10:53:16 [INFO] HikariPool-3 - Shutdown completed.
2026-03-24 10:53:16 [INFO] Stopping service [Tomcat]
2026-03-24 10:53:16 [INFO] 

Error starting ApplicationContext. To display the condition evaluation report re-run your application with 'debug' enabled.
2026-03-24 10:55:07 [INFO] Starting Application using Java 18.0.2.1 with PID 13768 (C:\Users\om.kariya\Documents\tss swabhav training\AdvancedMapping\target\classes started by Om.Kariya in C:\Users\om.kariya\Documents\tss swabhav training)
2026-03-24 10:55:07 [INFO] No active profile set, falling back to 1 default profile: "default"
2026-03-24 10:55:08 [INFO] Bootstrapping Spring Data JPA repositories in DEFAULT mode.
2026-03-24 10:55:08 [INFO] Finished Spring Data repository scanning in 247 ms. Found 4 JPA repository interfaces.
2026-03-24 10:55:08 [INFO] Tomcat initialized with port 8080 (http)
2026-03-24 10:55:08 [INFO] Initializing ProtocolHandler ["http-nio-8080"]
2026-03-24 10:55:08 [INFO] Starting service [Tomcat]
2026-03-24 10:55:08 [INFO] Starting Servlet engine: [Apache Tomcat/11.0.18]
2026-03-24 10:55:08 [INFO] Root WebApplicationContext: initialization completed in 1673 ms
2026-03-24 10:55:09 [INFO] HHH008540: Processing PersistenceUnitInfo [name: default]
2026-03-24 10:55:09 [INFO] No LoadTimeWeaver setup: ignoring JPA class transformer
2026-03-24 10:55:09 [INFO] HikariPool-4 - Starting...
2026-03-24 10:55:09 [INFO] HikariPool-4 - Added connection org.postgresql.jdbc.PgConnection@6e9b09e4
2026-03-24 10:55:09 [INFO] HikariPool-4 - Start completed.
2026-03-24 10:55:09 [INFO] HHH10001005: Database info:
	Database JDBC URL [jdbc:postgresql://localhost:5432/AdvancedMapping]
	Database driver: PostgreSQL JDBC Driver
	Database dialect: PostgreSQLDialect
	Database version: 18.3
	Default catalog/schema: AdvancedMapping/public
	Autocommit mode: undefined/unknown
	Isolation level: READ_COMMITTED [default READ_COMMITTED]
	JDBC fetch size: none
	Pool: DataSourceConnectionProvider
	Minimum pool size: undefined/unknown
	Maximum pool size: undefined/unknown
2026-03-24 10:55:09 [INFO] HHH000489: No JTA platform available (set 'hibernate.transaction.jta.platform' to enable JTA platform integration)
2026-03-24 10:55:09 [INFO] Initialized JPA EntityManagerFactory for persistence unit 'default'
2026-03-24 10:55:10 [INFO] Closing JPA EntityManagerFactory for persistence unit 'default'
2026-03-24 10:55:10 [INFO] HikariPool-4 - Shutdown initiated...
2026-03-24 10:55:10 [INFO] HikariPool-4 - Shutdown completed.
2026-03-24 10:55:10 [INFO] Stopping service [Tomcat]
2026-03-24 10:55:10 [INFO] 

Error starting ApplicationContext. To display the condition evaluation report re-run your application with 'debug' enabled.
2026-03-24 10:55:13 [INFO] Starting Application using Java 18.0.2.1 with PID 13768 (C:\Users\om.kariya\Documents\tss swabhav training\AdvancedMapping\target\classes started by Om.Kariya in C:\Users\om.kariya\Documents\tss swabhav training)
2026-03-24 10:55:13 [INFO] No active profile set, falling back to 1 default profile: "default"
2026-03-24 10:55:13 [INFO] Bootstrapping Spring Data JPA repositories in DEFAULT mode.
2026-03-24 10:55:13 [INFO] Finished Spring Data repository scanning in 108 ms. Found 4 JPA repository interfaces.
2026-03-24 10:55:13 [INFO] Tomcat initialized with port 8080 (http)
2026-03-24 10:55:13 [INFO] Initializing ProtocolHandler ["http-nio-8080"]
2026-03-24 10:55:13 [INFO] Starting service [Tomcat]
2026-03-24 10:55:13 [INFO] Starting Servlet engine: [Apache Tomcat/11.0.18]
2026-03-24 10:55:14 [INFO] Root WebApplicationContext: initialization completed in 945 ms
2026-03-24 10:55:14 [INFO] HHH008540: Processing PersistenceUnitInfo [name: default]
2026-03-24 10:55:14 [INFO] No LoadTimeWeaver setup: ignoring JPA class transformer
2026-03-24 10:55:14 [INFO] HikariPool-5 - Starting...
2026-03-24 10:55:14 [INFO] HikariPool-5 - Added connection org.postgresql.jdbc.PgConnection@4c378c19
2026-03-24 10:55:14 [INFO] HikariPool-5 - Start completed.
2026-03-24 10:55:14 [INFO] HHH10001005: Database info:
	Database JDBC URL [jdbc:postgresql://localhost:5432/AdvancedMapping]
	Database driver: PostgreSQL JDBC Driver
	Database dialect: PostgreSQLDialect
	Database version: 18.3
	Default catalog/schema: AdvancedMapping/public
	Autocommit mode: undefined/unknown
	Isolation level: READ_COMMITTED [default READ_COMMITTED]
	JDBC fetch size: none
	Pool: DataSourceConnectionProvider
	Minimum pool size: undefined/unknown
	Maximum pool size: undefined/unknown
2026-03-24 10:55:14 [INFO] HHH000489: No JTA platform available (set 'hibernate.transaction.jta.platform' to enable JTA platform integration)
2026-03-24 10:55:14 [INFO] Initialized JPA EntityManagerFactory for persistence unit 'default'
2026-03-24 10:55:15 [INFO] Closing JPA EntityManagerFactory for persistence unit 'default'
2026-03-24 10:55:15 [INFO] HikariPool-5 - Shutdown initiated...
2026-03-24 10:55:15 [INFO] HikariPool-5 - Shutdown completed.
2026-03-24 10:55:15 [INFO] Stopping service [Tomcat]
2026-03-24 10:55:15 [INFO] 

Error starting ApplicationContext. To display the condition evaluation report re-run your application with 'debug' enabled.
2026-03-24 10:55:36 [INFO] Starting Application using Java 18.0.2.1 with PID 13768 (C:\Users\om.kariya\Documents\tss swabhav training\AdvancedMapping\target\classes started by Om.Kariya in C:\Users\om.kariya\Documents\tss swabhav training)
2026-03-24 10:55:36 [INFO] No active profile set, falling back to 1 default profile: "default"
2026-03-24 10:55:37 [INFO] Bootstrapping Spring Data JPA repositories in DEFAULT mode.
2026-03-24 10:55:37 [INFO] Finished Spring Data repository scanning in 73 ms. Found 4 JPA repository interfaces.
2026-03-24 10:55:37 [INFO] Tomcat initialized with port 8080 (http)
2026-03-24 10:55:37 [INFO] Initializing ProtocolHandler ["http-nio-8080"]
2026-03-24 10:55:37 [INFO] Starting service [Tomcat]
2026-03-24 10:55:37 [INFO] Starting Servlet engine: [Apache Tomcat/11.0.18]
2026-03-24 10:55:37 [INFO] Root WebApplicationContext: initialization completed in 981 ms
2026-03-24 10:55:38 [INFO] HHH008540: Processing PersistenceUnitInfo [name: default]
2026-03-24 10:55:38 [INFO] No LoadTimeWeaver setup: ignoring JPA class transformer
2026-03-24 10:55:38 [INFO] HikariPool-6 - Starting...
2026-03-24 10:55:38 [INFO] HikariPool-6 - Added connection org.postgresql.jdbc.PgConnection@78520db9
2026-03-24 10:55:38 [INFO] HikariPool-6 - Start completed.
2026-03-24 10:55:38 [INFO] HHH10001005: Database info:
	Database JDBC URL [jdbc:postgresql://localhost:5432/AdvancedMapping]
	Database driver: PostgreSQL JDBC Driver
	Database dialect: PostgreSQLDialect
	Database version: 18.3
	Default catalog/schema: AdvancedMapping/public
	Autocommit mode: undefined/unknown
	Isolation level: READ_COMMITTED [default READ_COMMITTED]
	JDBC fetch size: none
	Pool: DataSourceConnectionProvider
	Minimum pool size: undefined/unknown
	Maximum pool size: undefined/unknown
2026-03-24 10:55:38 [INFO] HHH000489: No JTA platform available (set 'hibernate.transaction.jta.platform' to enable JTA platform integration)
2026-03-24 10:55:38 [INFO] Initialized JPA EntityManagerFactory for persistence unit 'default'
2026-03-24 10:55:39 [INFO] Closing JPA EntityManagerFactory for persistence unit 'default'
2026-03-24 10:55:39 [INFO] HikariPool-6 - Shutdown initiated...
2026-03-24 10:55:39 [INFO] HikariPool-6 - Shutdown completed.
2026-03-24 10:55:39 [INFO] Stopping service [Tomcat]
2026-03-24 10:55:39 [INFO] 

Error starting ApplicationContext. To display the condition evaluation report re-run your application with 'debug' enabled.
2026-03-24 10:55:42 [INFO] Starting Application using Java 18.0.2.1 with PID 13768 (C:\Users\om.kariya\Documents\tss swabhav training\AdvancedMapping\target\classes started by Om.Kariya in C:\Users\om.kariya\Documents\tss swabhav training)
2026-03-24 10:55:42 [INFO] No active profile set, falling back to 1 default profile: "default"
2026-03-24 10:55:42 [INFO] Bootstrapping Spring Data JPA repositories in DEFAULT mode.
2026-03-24 10:55:42 [INFO] Finished Spring Data repository scanning in 94 ms. Found 4 JPA repository interfaces.
2026-03-24 10:55:43 [INFO] Tomcat initialized with port 8080 (http)
2026-03-24 10:55:43 [INFO] Initializing ProtocolHandler ["http-nio-8080"]
2026-03-24 10:55:43 [INFO] Starting service [Tomcat]
2026-03-24 10:55:43 [INFO] Starting Servlet engine: [Apache Tomcat/11.0.18]
2026-03-24 10:55:43 [INFO] Root WebApplicationContext: initialization completed in 1107 ms
2026-03-24 10:55:43 [INFO] HHH008540: Processing PersistenceUnitInfo [name: default]
2026-03-24 10:55:43 [INFO] No LoadTimeWeaver setup: ignoring JPA class transformer
2026-03-24 10:55:43 [INFO] HikariPool-7 - Starting...
2026-03-24 10:55:43 [INFO] HikariPool-7 - Added connection org.postgresql.jdbc.PgConnection@472b65ad
2026-03-24 10:55:43 [INFO] HikariPool-7 - Start completed.
2026-03-24 10:55:43 [INFO] HHH10001005: Database info:
	Database JDBC URL [jdbc:postgresql://localhost:5432/AdvancedMapping]
	Database driver: PostgreSQL JDBC Driver
	Database dialect: PostgreSQLDialect
	Database version: 18.3
	Default catalog/schema: AdvancedMapping/public
	Autocommit mode: undefined/unknown
	Isolation level: READ_COMMITTED [default READ_COMMITTED]
	JDBC fetch size: none
	Pool: DataSourceConnectionProvider
	Minimum pool size: undefined/unknown
	Maximum pool size: undefined/unknown
2026-03-24 10:55:43 [INFO] HHH000489: No JTA platform available (set 'hibernate.transaction.jta.platform' to enable JTA platform integration)
2026-03-24 10:55:43 [INFO] Initialized JPA EntityManagerFactory for persistence unit 'default'
2026-03-24 10:55:44 [INFO] Closing JPA EntityManagerFactory for persistence unit 'default'
2026-03-24 10:55:44 [INFO] HikariPool-7 - Shutdown initiated...
2026-03-24 10:55:44 [INFO] HikariPool-7 - Shutdown completed.
2026-03-24 10:55:44 [INFO] Stopping service [Tomcat]
2026-03-24 10:55:44 [INFO] 

Error starting ApplicationContext. To display the condition evaluation report re-run your application with 'debug' enabled.
2026-03-24 11:00:18 [INFO] Starting Application using Java 18.0.2.1 with PID 12176 (C:\Users\om.kariya\Documents\tss swabhav training\AdvancedMapping\target\classes started by Om.Kariya in C:\Users\om.kariya\Documents\tss swabhav training)
2026-03-24 11:00:18 [INFO] No active profile set, falling back to 1 default profile: "default"
2026-03-24 11:00:18 [INFO] Devtools property defaults active! Set 'spring.devtools.add-properties' to 'false' to disable
2026-03-24 11:00:18 [INFO] For additional web related logging consider setting the 'logging.level.web' property to 'DEBUG'
2026-03-24 11:00:18 [INFO] HV000001: Hibernate Validator 9.0.1.Final
2026-03-24 11:00:21 [INFO] Bootstrapping Spring Data JPA repositories in DEFAULT mode.
2026-03-24 11:00:21 [INFO] Finished Spring Data repository scanning in 552 ms. Found 4 JPA repository interfaces.
2026-03-24 11:00:23 [INFO] Tomcat initialized with port 8080 (http)
2026-03-24 11:00:23 [INFO] Initializing ProtocolHandler ["http-nio-8080"]
2026-03-24 11:00:23 [INFO] Starting service [Tomcat]
2026-03-24 11:00:23 [INFO] Starting Servlet engine: [Apache Tomcat/11.0.18]
2026-03-24 11:00:24 [INFO] Root WebApplicationContext: initialization completed in 6087 ms
2026-03-24 11:00:24 [INFO] HHH008540: Processing PersistenceUnitInfo [name: default]
2026-03-24 11:00:25 [INFO] HHH000001: Hibernate ORM core version 7.2.4.Final
2026-03-24 11:00:26 [INFO] No LoadTimeWeaver setup: ignoring JPA class transformer
2026-03-24 11:00:27 [INFO] HikariPool-1 - Starting...
2026-03-24 11:00:27 [INFO] HikariPool-1 - Added connection org.postgresql.jdbc.PgConnection@34e74b66
2026-03-24 11:00:27 [INFO] HikariPool-1 - Start completed.
2026-03-24 11:00:27 [INFO] HHH10001005: Database info:
	Database JDBC URL [jdbc:postgresql://localhost:5432/AdvancedMapping]
	Database driver: PostgreSQL JDBC Driver
	Database dialect: PostgreSQLDialect
	Database version: 18.3
	Default catalog/schema: AdvancedMapping/public
	Autocommit mode: undefined/unknown
	Isolation level: READ_COMMITTED [default READ_COMMITTED]
	JDBC fetch size: none
	Pool: DataSourceConnectionProvider
	Minimum pool size: undefined/unknown
	Maximum pool size: undefined/unknown
2026-03-24 11:00:30 [INFO] HHH000489: No JTA platform available (set 'hibernate.transaction.jta.platform' to enable JTA platform integration)
2026-03-24 11:00:30 [INFO] Initialized JPA EntityManagerFactory for persistence unit 'default'
2026-03-24 11:00:30 [INFO] Hibernate is in classpath; If applicable, HQL parser will be used.
2026-03-24 11:00:32 [INFO] Closing JPA EntityManagerFactory for persistence unit 'default'
2026-03-24 11:00:32 [INFO] HikariPool-1 - Shutdown initiated...
2026-03-24 11:00:32 [INFO] HikariPool-1 - Shutdown completed.
2026-03-24 11:00:32 [INFO] Stopping service [Tomcat]
2026-03-24 11:00:32 [INFO] 

Error starting ApplicationContext. To display the condition evaluation report re-run your application with 'debug' enabled.
2026-03-24 11:01:12 [INFO] Starting Application using Java 18.0.2.1 with PID 21228 (C:\Users\om.kariya\Documents\tss swabhav training\AdvancedMapping\target\classes started by Om.Kariya in C:\Users\om.kariya\Documents\tss swabhav training)
2026-03-24 11:01:12 [INFO] No active profile set, falling back to 1 default profile: "default"
2026-03-24 11:01:12 [INFO] Devtools property defaults active! Set 'spring.devtools.add-properties' to 'false' to disable
2026-03-24 11:01:12 [INFO] For additional web related logging consider setting the 'logging.level.web' property to 'DEBUG'
2026-03-24 11:01:13 [INFO] HV000001: Hibernate Validator 9.0.1.Final
2026-03-24 11:01:14 [INFO] Bootstrapping Spring Data JPA repositories in DEFAULT mode.
2026-03-24 11:01:15 [INFO] Finished Spring Data repository scanning in 111 ms. Found 4 JPA repository interfaces.
2026-03-24 11:01:15 [INFO] Tomcat initialized with port 8080 (http)
2026-03-24 11:01:15 [INFO] Initializing ProtocolHandler ["http-nio-8080"]
2026-03-24 11:01:15 [INFO] Starting service [Tomcat]
2026-03-24 11:01:15 [INFO] Starting Servlet engine: [Apache Tomcat/11.0.18]
2026-03-24 11:01:16 [INFO] Root WebApplicationContext: initialization completed in 3096 ms
2026-03-24 11:01:16 [INFO] HHH008540: Processing PersistenceUnitInfo [name: default]
2026-03-24 11:01:16 [INFO] HHH000001: Hibernate ORM core version 7.2.4.Final
2026-03-24 11:01:17 [INFO] No LoadTimeWeaver setup: ignoring JPA class transformer
2026-03-24 11:01:17 [INFO] HikariPool-1 - Starting...
2026-03-24 11:01:17 [INFO] HikariPool-1 - Added connection org.postgresql.jdbc.PgConnection@535dfc37
2026-03-24 11:01:17 [INFO] HikariPool-1 - Start completed.
2026-03-24 11:01:17 [INFO] HHH10001005: Database info:
	Database JDBC URL [jdbc:postgresql://localhost:5432/AdvancedMapping]
	Database driver: PostgreSQL JDBC Driver
	Database dialect: PostgreSQLDialect
	Database version: 18.3
	Default catalog/schema: AdvancedMapping/public
	Autocommit mode: undefined/unknown
	Isolation level: READ_COMMITTED [default READ_COMMITTED]
	JDBC fetch size: none
	Pool: DataSourceConnectionProvider
	Minimum pool size: undefined/unknown
	Maximum pool size: undefined/unknown
2026-03-24 11:01:20 [INFO] HHH000489: No JTA platform available (set 'hibernate.transaction.jta.platform' to enable JTA platform integration)
2026-03-24 11:01:20 [INFO] Initialized JPA EntityManagerFactory for persistence unit 'default'
2026-03-24 11:01:20 [INFO] Hibernate is in classpath; If applicable, HQL parser will be used.
2026-03-24 11:01:22 [INFO] Closing JPA EntityManagerFactory for persistence unit 'default'
2026-03-24 11:01:22 [INFO] HikariPool-1 - Shutdown initiated...
2026-03-24 11:01:22 [INFO] HikariPool-1 - Shutdown completed.
2026-03-24 11:01:22 [INFO] Stopping service [Tomcat]
2026-03-24 11:01:22 [INFO] 

Error starting ApplicationContext. To display the condition evaluation report re-run your application with 'debug' enabled.
2026-03-24 11:02:22 [INFO] Starting Application using Java 18.0.2.1 with PID 17612 (C:\Users\om.kariya\Documents\tss swabhav training\AdvancedMapping\target\classes started by Om.Kariya in C:\Users\om.kariya\Documents\tss swabhav training)
2026-03-24 11:02:22 [INFO] No active profile set, falling back to 1 default profile: "default"
2026-03-24 11:02:22 [INFO] Devtools property defaults active! Set 'spring.devtools.add-properties' to 'false' to disable
2026-03-24 11:02:22 [INFO] For additional web related logging consider setting the 'logging.level.web' property to 'DEBUG'
2026-03-24 11:02:23 [INFO] HV000001: Hibernate Validator 9.0.1.Final
2026-03-24 11:02:24 [INFO] Bootstrapping Spring Data JPA repositories in DEFAULT mode.
2026-03-24 11:02:24 [INFO] Finished Spring Data repository scanning in 83 ms. Found 4 JPA repository interfaces.
2026-03-24 11:02:24 [INFO] Tomcat initialized with port 8080 (http)
2026-03-24 11:02:24 [INFO] Initializing ProtocolHandler ["http-nio-8080"]
2026-03-24 11:02:24 [INFO] Starting service [Tomcat]
2026-03-24 11:02:24 [INFO] Starting Servlet engine: [Apache Tomcat/11.0.18]
2026-03-24 11:02:24 [INFO] Root WebApplicationContext: initialization completed in 2147 ms
2026-03-24 11:02:25 [INFO] HHH008540: Processing PersistenceUnitInfo [name: default]
2026-03-24 11:02:25 [INFO] HHH000001: Hibernate ORM core version 7.2.4.Final
2026-03-24 11:02:25 [INFO] No LoadTimeWeaver setup: ignoring JPA class transformer
2026-03-24 11:02:25 [INFO] HikariPool-1 - Starting...
2026-03-24 11:02:26 [INFO] HikariPool-1 - Added connection org.postgresql.jdbc.PgConnection@16e4047a
2026-03-24 11:02:26 [INFO] HikariPool-1 - Start completed.
2026-03-24 11:02:26 [INFO] HHH10001005: Database info:
	Database JDBC URL [jdbc:postgresql://localhost:5432/AdvancedMapping]
	Database driver: PostgreSQL JDBC Driver
	Database dialect: PostgreSQLDialect
	Database version: 18.3
	Default catalog/schema: AdvancedMapping/public
	Autocommit mode: undefined/unknown
	Isolation level: READ_COMMITTED [default READ_COMMITTED]
	JDBC fetch size: none
	Pool: DataSourceConnectionProvider
	Minimum pool size: undefined/unknown
	Maximum pool size: undefined/unknown
2026-03-24 11:02:28 [INFO] HHH000489: No JTA platform available (set 'hibernate.transaction.jta.platform' to enable JTA platform integration)
2026-03-24 11:02:28 [INFO] Initialized JPA EntityManagerFactory for persistence unit 'default'
2026-03-24 11:02:28 [INFO] Hibernate is in classpath; If applicable, HQL parser will be used.
2026-03-24 11:02:30 [INFO] Starting ProtocolHandler ["http-nio-8080"]
2026-03-24 11:02:30 [INFO] Tomcat started on port 8080 (http) with context path '/'
2026-03-24 11:02:30 [INFO] Started Application in 9.1 seconds (process running for 10.62)
2026-03-24 11:02:35 [INFO] Initializing Spring DispatcherServlet 'dispatcherServlet'
2026-03-24 11:02:35 [INFO] Initializing Servlet 'dispatcherServlet'
2026-03-24 11:02:35 [INFO] Completed initialization in 1 ms
2026-03-24 11:07:15 [INFO] Restarting due to 5 class path changes (0 additions, 5 deletions, 0 modifications)
2026-03-24 11:07:16 [INFO] Commencing graceful shutdown. Waiting for active requests to complete
2026-03-24 11:07:16 [INFO] Pausing ProtocolHandler ["http-nio-8080"]
2026-03-24 11:07:16 [INFO] Graceful shutdown complete
2026-03-24 11:07:16 [INFO] Stopping ProtocolHandler ["http-nio-8080"]
2026-03-24 11:07:16 [INFO] Closing JPA EntityManagerFactory for persistence unit 'default'
2026-03-24 11:07:16 [INFO] HikariPool-1 - Shutdown initiated...
2026-03-24 11:07:16 [INFO] HikariPool-1 - Shutdown completed.
2026-03-24 11:07:17 [INFO] Starting Application using Java 18.0.2.1 with PID 17612 (C:\Users\om.kariya\Documents\tss swabhav training\AdvancedMapping\target\classes started by Om.Kariya in C:\Users\om.kariya\Documents\tss swabhav training)
2026-03-24 11:07:17 [INFO] No active profile set, falling back to 1 default profile: "default"
2026-03-24 11:07:18 [INFO] Bootstrapping Spring Data JPA repositories in DEFAULT mode.
2026-03-24 11:07:18 [INFO] Finished Spring Data repository scanning in 77 ms. Found 2 JPA repository interfaces.
2026-03-24 11:07:18 [INFO] Tomcat initialized with port 8080 (http)
2026-03-24 11:07:18 [INFO] Initializing ProtocolHandler ["http-nio-8080"]
2026-03-24 11:07:18 [INFO] Starting service [Tomcat]
2026-03-24 11:07:18 [INFO] Starting Servlet engine: [Apache Tomcat/11.0.18]
2026-03-24 11:07:18 [INFO] Root WebApplicationContext: initialization completed in 1625 ms
2026-03-24 11:07:18 [INFO] HHH008540: Processing PersistenceUnitInfo [name: default]
2026-03-24 11:07:19 [INFO] No LoadTimeWeaver setup: ignoring JPA class transformer
2026-03-24 11:07:19 [INFO] HikariPool-2 - Starting...
2026-03-24 11:07:19 [INFO] HikariPool-2 - Added connection org.postgresql.jdbc.PgConnection@2bb7403e
2026-03-24 11:07:19 [INFO] HikariPool-2 - Start completed.
2026-03-24 11:07:19 [INFO] HHH10001005: Database info:
	Database JDBC URL [jdbc:postgresql://localhost:5432/AdvancedMapping]
	Database driver: PostgreSQL JDBC Driver
	Database dialect: PostgreSQLDialect
	Database version: 18.3
	Default catalog/schema: AdvancedMapping/public
	Autocommit mode: undefined/unknown
	Isolation level: READ_COMMITTED [default READ_COMMITTED]
	JDBC fetch size: none
	Pool: DataSourceConnectionProvider
	Minimum pool size: undefined/unknown
	Maximum pool size: undefined/unknown
2026-03-24 11:07:19 [INFO] HHH000489: No JTA platform available (set 'hibernate.transaction.jta.platform' to enable JTA platform integration)
2026-03-24 11:07:19 [INFO] Initialized JPA EntityManagerFactory for persistence unit 'default'
2026-03-24 11:07:19 [INFO] Closing JPA EntityManagerFactory for persistence unit 'default'
2026-03-24 11:07:19 [INFO] HikariPool-2 - Shutdown initiated...
2026-03-24 11:07:20 [INFO] HikariPool-2 - Shutdown completed.
2026-03-24 11:07:20 [INFO] Stopping service [Tomcat]
2026-03-24 11:07:20 [INFO] 

Error starting ApplicationContext. To display the condition evaluation report re-run your application with 'debug' enabled.
2026-03-24 11:07:31 [INFO] Starting Application using Java 18.0.2.1 with PID 20836 (C:\Users\om.kariya\Documents\tss swabhav training\AdvancedMapping\target\classes started by Om.Kariya in C:\Users\om.kariya\Documents\tss swabhav training)
2026-03-24 11:07:31 [INFO] No active profile set, falling back to 1 default profile: "default"
2026-03-24 11:07:31 [INFO] Devtools property defaults active! Set 'spring.devtools.add-properties' to 'false' to disable
2026-03-24 11:07:31 [INFO] For additional web related logging consider setting the 'logging.level.web' property to 'DEBUG'
2026-03-24 11:07:32 [INFO] HV000001: Hibernate Validator 9.0.1.Final
2026-03-24 11:07:33 [INFO] Bootstrapping Spring Data JPA repositories in DEFAULT mode.
2026-03-24 11:07:33 [INFO] Finished Spring Data repository scanning in 88 ms. Found 4 JPA repository interfaces.
2026-03-24 11:07:34 [INFO] Tomcat initialized with port 8080 (http)
2026-03-24 11:07:34 [INFO] Initializing ProtocolHandler ["http-nio-8080"]
2026-03-24 11:07:34 [INFO] Starting service [Tomcat]
2026-03-24 11:07:34 [INFO] Starting Servlet engine: [Apache Tomcat/11.0.18]
2026-03-24 11:07:34 [INFO] Root WebApplicationContext: initialization completed in 2596 ms
2026-03-24 11:07:34 [INFO] HHH008540: Processing PersistenceUnitInfo [name: default]
2026-03-24 11:07:35 [INFO] HHH000001: Hibernate ORM core version 7.2.4.Final
2026-03-24 11:07:35 [INFO] No LoadTimeWeaver setup: ignoring JPA class transformer
2026-03-24 11:07:35 [INFO] HikariPool-1 - Starting...
2026-03-24 11:07:36 [INFO] HikariPool-1 - Added connection org.postgresql.jdbc.PgConnection@51a35343
2026-03-24 11:07:36 [INFO] HikariPool-1 - Start completed.
2026-03-24 11:07:36 [INFO] HHH10001005: Database info:
	Database JDBC URL [jdbc:postgresql://localhost:5432/AdvancedMapping]
	Database driver: PostgreSQL JDBC Driver
	Database dialect: PostgreSQLDialect
	Database version: 18.3
	Default catalog/schema: AdvancedMapping/public
	Autocommit mode: undefined/unknown
	Isolation level: READ_COMMITTED [default READ_COMMITTED]
	JDBC fetch size: none
	Pool: DataSourceConnectionProvider
	Minimum pool size: undefined/unknown
	Maximum pool size: undefined/unknown
2026-03-24 11:07:40 [INFO] HHH000489: No JTA platform available (set 'hibernate.transaction.jta.platform' to enable JTA platform integration)
2026-03-24 11:07:40 [INFO] Initialized JPA EntityManagerFactory for persistence unit 'default'
2026-03-24 11:07:40 [INFO] Hibernate is in classpath; If applicable, HQL parser will be used.
2026-03-24 11:07:42 [INFO] Starting ProtocolHandler ["http-nio-8080"]
2026-03-24 11:07:42 [INFO] Tomcat started on port 8080 (http) with context path '/'
2026-03-24 11:07:42 [INFO] Started Application in 12.372 seconds (process running for 13.806)
2026-03-24 11:07:50 [INFO] Initializing Spring DispatcherServlet 'dispatcherServlet'
2026-03-24 11:07:50 [INFO] Initializing Servlet 'dispatcherServlet'
2026-03-24 11:07:50 [INFO] Completed initialization in 1 ms
2026-03-24 11:17:08 [INFO] Commencing graceful shutdown. Waiting for active requests to complete
2026-03-24 11:17:08 [INFO] Graceful shutdown complete
2026-03-24 11:17:08 [INFO] Closing JPA EntityManagerFactory for persistence unit 'default'
2026-03-24 11:17:08 [INFO] HikariPool-1 - Shutdown initiated...
2026-03-24 11:17:08 [INFO] HikariPool-1 - Shutdown completed.
2026-03-24 11:17:19 [INFO] Starting Application using Java 18.0.2.1 with PID 21832 (C:\Users\om.kariya\Documents\tss swabhav training\AdvancedMapping\target\classes started by Om.Kariya in C:\Users\om.kariya\Documents\tss swabhav training)
2026-03-24 11:17:19 [INFO] No active profile set, falling back to 1 default profile: "default"
2026-03-24 11:17:20 [INFO] Devtools property defaults active! Set 'spring.devtools.add-properties' to 'false' to disable
2026-03-24 11:17:20 [INFO] For additional web related logging consider setting the 'logging.level.web' property to 'DEBUG'
2026-03-24 11:17:20 [INFO] HV000001: Hibernate Validator 9.0.1.Final
2026-03-24 11:17:21 [INFO] Bootstrapping Spring Data JPA repositories in DEFAULT mode.
2026-03-24 11:17:21 [INFO] Finished Spring Data repository scanning in 91 ms. Found 4 JPA repository interfaces.
2026-03-24 11:17:22 [INFO] Tomcat initialized with port 8080 (http)
2026-03-24 11:17:22 [INFO] Initializing ProtocolHandler ["http-nio-8080"]
2026-03-24 11:17:22 [INFO] Starting service [Tomcat]
2026-03-24 11:17:22 [INFO] Starting Servlet engine: [Apache Tomcat/11.0.18]
2026-03-24 11:17:22 [INFO] Root WebApplicationContext: initialization completed in 2347 ms
2026-03-24 11:17:22 [INFO] HHH008540: Processing PersistenceUnitInfo [name: default]
2026-03-24 11:17:22 [INFO] HHH000001: Hibernate ORM core version 7.2.4.Final
2026-03-24 11:17:23 [INFO] No LoadTimeWeaver setup: ignoring JPA class transformer
2026-03-24 11:17:23 [INFO] HikariPool-1 - Starting...
2026-03-24 11:17:24 [INFO] HikariPool-1 - Added connection org.postgresql.jdbc.PgConnection@26327c0b
2026-03-24 11:17:24 [INFO] HikariPool-1 - Start completed.
2026-03-24 11:17:24 [INFO] HHH10001005: Database info:
	Database JDBC URL [jdbc:postgresql://localhost:5432/AdvancedMapping]
	Database driver: PostgreSQL JDBC Driver
	Database dialect: PostgreSQLDialect
	Database version: 18.3
	Default catalog/schema: AdvancedMapping/public
	Autocommit mode: undefined/unknown
	Isolation level: READ_COMMITTED [default READ_COMMITTED]
	JDBC fetch size: none
	Pool: DataSourceConnectionProvider
	Minimum pool size: undefined/unknown
	Maximum pool size: undefined/unknown
2026-03-24 11:17:26 [INFO] HHH000489: No JTA platform available (set 'hibernate.transaction.jta.platform' to enable JTA platform integration)
2026-03-24 11:17:26 [INFO] Initialized JPA EntityManagerFactory for persistence unit 'default'
2026-03-24 11:17:27 [INFO] Hibernate is in classpath; If applicable, HQL parser will be used.
2026-03-24 11:17:29 [INFO] Starting ProtocolHandler ["http-nio-8080"]
2026-03-24 11:17:29 [INFO] Tomcat started on port 8080 (http) with context path '/'
2026-03-24 11:17:29 [INFO] Started Application in 11.171 seconds (process running for 12.532)
2026-03-24 11:17:31 [INFO] Initializing Spring DispatcherServlet 'dispatcherServlet'
2026-03-24 11:17:31 [INFO] Initializing Servlet 'dispatcherServlet'
2026-03-24 11:17:31 [INFO] Completed initialization in 1 ms
2026-03-24 11:45:35 [INFO] Commencing graceful shutdown. Waiting for active requests to complete
2026-03-24 11:45:35 [INFO] Graceful shutdown complete
2026-03-24 11:45:35 [INFO] Closing JPA EntityManagerFactory for persistence unit 'default'
2026-03-24 11:45:35 [INFO] HikariPool-1 - Shutdown initiated...
2026-03-24 11:45:35 [INFO] HikariPool-1 - Shutdown completed.
2026-03-24 11:45:54 [INFO] Starting Application using Java 18.0.2.1 with PID 13860 (C:\Users\om.kariya\Documents\tss swabhav training\AdvancedMapping\target\classes started by Om.Kariya in C:\Users\om.kariya\Documents\tss swabhav training)
2026-03-24 11:45:54 [INFO] No active profile set, falling back to 1 default profile: "default"
2026-03-24 11:45:54 [INFO] Devtools property defaults active! Set 'spring.devtools.add-properties' to 'false' to disable
2026-03-24 11:45:54 [INFO] For additional web related logging consider setting the 'logging.level.web' property to 'DEBUG'
2026-03-24 11:45:54 [INFO] HV000001: Hibernate Validator 9.0.1.Final
2026-03-24 11:45:55 [INFO] Bootstrapping Spring Data JPA repositories in DEFAULT mode.
2026-03-24 11:45:55 [INFO] Finished Spring Data repository scanning in 213 ms. Found 4 JPA repository interfaces.
2026-03-24 11:45:56 [INFO] Tomcat initialized with port 8080 (http)
2026-03-24 11:45:56 [INFO] Initializing ProtocolHandler ["http-nio-8080"]
2026-03-24 11:45:56 [INFO] Starting service [Tomcat]
2026-03-24 11:45:56 [INFO] Starting Servlet engine: [Apache Tomcat/11.0.18]
2026-03-24 11:45:56 [INFO] Root WebApplicationContext: initialization completed in 2786 ms
2026-03-24 11:45:57 [INFO] HHH008540: Processing PersistenceUnitInfo [name: default]
2026-03-24 11:45:57 [INFO] HHH000001: Hibernate ORM core version 7.2.4.Final
2026-03-24 11:45:58 [INFO] No LoadTimeWeaver setup: ignoring JPA class transformer
2026-03-24 11:45:58 [INFO] HikariPool-1 - Starting...
2026-03-24 11:45:58 [INFO] HikariPool-1 - Added connection org.postgresql.jdbc.PgConnection@72c728a2
2026-03-24 11:45:58 [INFO] HikariPool-1 - Start completed.
2026-03-24 11:45:58 [INFO] HHH10001005: Database info:
	Database JDBC URL [jdbc:postgresql://localhost:5432/AdvancedMapping]
	Database driver: PostgreSQL JDBC Driver
	Database dialect: PostgreSQLDialect
	Database version: 18.3
	Default catalog/schema: AdvancedMapping/public
	Autocommit mode: undefined/unknown
	Isolation level: READ_COMMITTED [default READ_COMMITTED]
	JDBC fetch size: none
	Pool: DataSourceConnectionProvider
	Minimum pool size: undefined/unknown
	Maximum pool size: undefined/unknown
2026-03-24 11:46:01 [INFO] HHH000489: No JTA platform available (set 'hibernate.transaction.jta.platform' to enable JTA platform integration)
2026-03-24 11:46:01 [INFO] Initialized JPA EntityManagerFactory for persistence unit 'default'
2026-03-24 11:46:01 [INFO] Hibernate is in classpath; If applicable, HQL parser will be used.
2026-03-24 11:46:03 [INFO] Starting ProtocolHandler ["http-nio-8080"]
2026-03-24 11:46:03 [INFO] Tomcat started on port 8080 (http) with context path '/'
2026-03-24 11:46:03 [INFO] Started Application in 10.581 seconds (process running for 12.113)
2026-03-24 11:56:15 [INFO] Commencing graceful shutdown. Waiting for active requests to complete
2026-03-24 11:56:15 [INFO] Graceful shutdown complete
2026-03-24 11:56:15 [INFO] Closing JPA EntityManagerFactory for persistence unit 'default'
2026-03-24 11:56:15 [INFO] HikariPool-1 - Shutdown initiated...
2026-03-24 11:56:15 [INFO] HikariPool-1 - Shutdown completed.
2026-03-24 11:56:29 [INFO] Starting Application using Java 18.0.2.1 with PID 20104 (C:\Users\om.kariya\Documents\tss swabhav training\AdvancedMapping\target\classes started by Om.Kariya in C:\Users\om.kariya\Documents\tss swabhav training)
2026-03-24 11:56:29 [INFO] No active profile set, falling back to 1 default profile: "default"
2026-03-24 11:56:29 [INFO] Devtools property defaults active! Set 'spring.devtools.add-properties' to 'false' to disable
2026-03-24 11:56:29 [INFO] For additional web related logging consider setting the 'logging.level.web' property to 'DEBUG'
2026-03-24 11:56:30 [INFO] HV000001: Hibernate Validator 9.0.1.Final
2026-03-24 11:56:31 [INFO] Bootstrapping Spring Data JPA repositories in DEFAULT mode.
2026-03-24 11:56:31 [INFO] Finished Spring Data repository scanning in 122 ms. Found 4 JPA repository interfaces.
2026-03-24 11:56:32 [INFO] Tomcat initialized with port 8080 (http)
2026-03-24 11:56:32 [INFO] Initializing ProtocolHandler ["http-nio-8080"]
2026-03-24 11:56:32 [INFO] Starting service [Tomcat]
2026-03-24 11:56:32 [INFO] Starting Servlet engine: [Apache Tomcat/11.0.18]
2026-03-24 11:56:32 [INFO] Root WebApplicationContext: initialization completed in 3586 ms
2026-03-24 11:56:33 [INFO] HHH008540: Processing PersistenceUnitInfo [name: default]
2026-03-24 11:56:33 [INFO] HHH000001: Hibernate ORM core version 7.2.4.Final
2026-03-24 11:56:34 [INFO] No LoadTimeWeaver setup: ignoring JPA class transformer
2026-03-24 11:56:34 [INFO] HikariPool-1 - Starting...
2026-03-24 11:56:34 [INFO] HikariPool-1 - Added connection org.postgresql.jdbc.PgConnection@ae060bb
2026-03-24 11:56:34 [INFO] HikariPool-1 - Start completed.
2026-03-24 11:56:34 [INFO] HHH10001005: Database info:
	Database JDBC URL [jdbc:postgresql://localhost:5432/AdvancedMapping]
	Database driver: PostgreSQL JDBC Driver
	Database dialect: PostgreSQLDialect
	Database version: 18.3
	Default catalog/schema: AdvancedMapping/public
	Autocommit mode: undefined/unknown
	Isolation level: READ_COMMITTED [default READ_COMMITTED]
	JDBC fetch size: none
	Pool: DataSourceConnectionProvider
	Minimum pool size: undefined/unknown
	Maximum pool size: undefined/unknown
2026-03-24 11:56:37 [INFO] HHH000489: No JTA platform available (set 'hibernate.transaction.jta.platform' to enable JTA platform integration)
2026-03-24 11:56:37 [INFO] Initialized JPA EntityManagerFactory for persistence unit 'default'
2026-03-24 11:56:37 [INFO] Hibernate is in classpath; If applicable, HQL parser will be used.
2026-03-24 11:56:39 [INFO] Starting ProtocolHandler ["http-nio-8080"]
2026-03-24 11:56:39 [INFO] Tomcat started on port 8080 (http) with context path '/'
2026-03-24 11:56:39 [INFO] Started Application in 13.503 seconds (process running for 14.936)
2026-03-24 11:58:16 [INFO] Initializing Spring DispatcherServlet 'dispatcherServlet'
2026-03-24 11:58:16 [INFO] Initializing Servlet 'dispatcherServlet'
2026-03-24 11:58:16 [INFO] Completed initialization in 11 ms
2026-03-24 12:00:24 [INFO] Commencing graceful shutdown. Waiting for active requests to complete
2026-03-24 12:00:24 [INFO] Graceful shutdown complete
2026-03-24 12:00:24 [INFO] Closing JPA EntityManagerFactory for persistence unit 'default'
2026-03-24 12:00:24 [INFO] HikariPool-1 - Shutdown initiated...
2026-03-24 12:00:24 [INFO] HikariPool-1 - Shutdown completed.
2026-03-24 12:00:34 [INFO] Starting Application using Java 18.0.2.1 with PID 21576 (C:\Users\om.kariya\Documents\tss swabhav training\AdvancedMapping\target\classes started by Om.Kariya in C:\Users\om.kariya\Documents\tss swabhav training)
2026-03-24 12:00:34 [INFO] No active profile set, falling back to 1 default profile: "default"
2026-03-24 12:00:34 [INFO] Devtools property defaults active! Set 'spring.devtools.add-properties' to 'false' to disable
2026-03-24 12:00:34 [INFO] For additional web related logging consider setting the 'logging.level.web' property to 'DEBUG'
2026-03-24 12:00:34 [INFO] HV000001: Hibernate Validator 9.0.1.Final
2026-03-24 12:00:35 [INFO] Bootstrapping Spring Data JPA repositories in DEFAULT mode.
2026-03-24 12:00:35 [INFO] Finished Spring Data repository scanning in 106 ms. Found 4 JPA repository interfaces.
2026-03-24 12:00:36 [INFO] Tomcat initialized with port 8080 (http)
2026-03-24 12:00:36 [INFO] Initializing ProtocolHandler ["http-nio-8080"]
2026-03-24 12:00:36 [INFO] Starting service [Tomcat]
2026-03-24 12:00:36 [INFO] Starting Servlet engine: [Apache Tomcat/11.0.18]
2026-03-24 12:00:36 [INFO] Root WebApplicationContext: initialization completed in 2395 ms
2026-03-24 12:00:36 [INFO] HHH008540: Processing PersistenceUnitInfo [name: default]
2026-03-24 12:00:37 [INFO] HHH000001: Hibernate ORM core version 7.2.4.Final
2026-03-24 12:00:38 [INFO] No LoadTimeWeaver setup: ignoring JPA class transformer
2026-03-24 12:00:38 [INFO] HikariPool-1 - Starting...
2026-03-24 12:00:39 [INFO] HikariPool-1 - Added connection org.postgresql.jdbc.PgConnection@cb104bf
2026-03-24 12:00:39 [INFO] HikariPool-1 - Start completed.
2026-03-24 12:00:39 [INFO] HHH10001005: Database info:
	Database JDBC URL [jdbc:postgresql://localhost:5432/AdvancedMapping]
	Database driver: PostgreSQL JDBC Driver
	Database dialect: PostgreSQLDialect
	Database version: 18.3
	Default catalog/schema: AdvancedMapping/public
	Autocommit mode: undefined/unknown
	Isolation level: READ_COMMITTED [default READ_COMMITTED]
	JDBC fetch size: none
	Pool: DataSourceConnectionProvider
	Minimum pool size: undefined/unknown
	Maximum pool size: undefined/unknown
2026-03-24 12:00:41 [INFO] HHH000489: No JTA platform available (set 'hibernate.transaction.jta.platform' to enable JTA platform integration)
2026-03-24 12:00:42 [INFO] Initialized JPA EntityManagerFactory for persistence unit 'default'
2026-03-24 12:00:42 [INFO] Hibernate is in classpath; If applicable, HQL parser will be used.
2026-03-24 12:00:44 [INFO] Starting ProtocolHandler ["http-nio-8080"]
2026-03-24 12:00:44 [INFO] Tomcat started on port 8080 (http) with context path '/'
2026-03-24 12:00:44 [INFO] Started Application in 11.804 seconds (process running for 13.048)
2026-03-24 12:00:48 [INFO] Initializing Spring DispatcherServlet 'dispatcherServlet'
2026-03-24 12:00:48 [INFO] Initializing Servlet 'dispatcherServlet'
2026-03-24 12:00:48 [INFO] Completed initialization in 1 ms
2026-03-24 12:07:53 [INFO] Commencing graceful shutdown. Waiting for active requests to complete
2026-03-24 12:07:53 [INFO] Graceful shutdown complete
2026-03-24 12:07:54 [INFO] Closing JPA EntityManagerFactory for persistence unit 'default'
2026-03-24 12:07:54 [INFO] HikariPool-1 - Shutdown initiated...
2026-03-24 12:07:54 [INFO] HikariPool-1 - Shutdown completed.
2026-03-24 12:08:02 [INFO] Starting Application using Java 18.0.2.1 with PID 19532 (C:\Users\om.kariya\Documents\tss swabhav training\AdvancedMapping\target\classes started by Om.Kariya in C:\Users\om.kariya\Documents\tss swabhav training)
2026-03-24 12:08:02 [INFO] No active profile set, falling back to 1 default profile: "default"
2026-03-24 12:08:02 [INFO] Devtools property defaults active! Set 'spring.devtools.add-properties' to 'false' to disable
2026-03-24 12:08:02 [INFO] For additional web related logging consider setting the 'logging.level.web' property to 'DEBUG'
2026-03-24 12:08:03 [INFO] HV000001: Hibernate Validator 9.0.1.Final
2026-03-24 12:08:03 [INFO] Bootstrapping Spring Data JPA repositories in DEFAULT mode.
2026-03-24 12:08:03 [INFO] Finished Spring Data repository scanning in 104 ms. Found 4 JPA repository interfaces.
2026-03-24 12:08:04 [INFO] Tomcat initialized with port 8080 (http)
2026-03-24 12:08:04 [INFO] Initializing ProtocolHandler ["http-nio-8080"]
2026-03-24 12:08:04 [INFO] Starting service [Tomcat]
2026-03-24 12:08:04 [INFO] Starting Servlet engine: [Apache Tomcat/11.0.18]
2026-03-24 12:08:04 [INFO] Root WebApplicationContext: initialization completed in 2062 ms
2026-03-24 12:08:05 [INFO] HHH008540: Processing PersistenceUnitInfo [name: default]
2026-03-24 12:08:05 [INFO] HHH000001: Hibernate ORM core version 7.2.4.Final
2026-03-24 12:08:06 [INFO] No LoadTimeWeaver setup: ignoring JPA class transformer
2026-03-24 12:08:06 [INFO] HikariPool-1 - Starting...
2026-03-24 12:08:06 [INFO] HikariPool-1 - Added connection org.postgresql.jdbc.PgConnection@2902512d
2026-03-24 12:08:06 [INFO] HikariPool-1 - Start completed.
2026-03-24 12:08:06 [INFO] HHH10001005: Database info:
	Database JDBC URL [jdbc:postgresql://localhost:5432/AdvancedMapping]
	Database driver: PostgreSQL JDBC Driver
	Database dialect: PostgreSQLDialect
	Database version: 18.3
	Default catalog/schema: AdvancedMapping/public
	Autocommit mode: undefined/unknown
	Isolation level: READ_COMMITTED [default READ_COMMITTED]
	JDBC fetch size: none
	Pool: DataSourceConnectionProvider
	Minimum pool size: undefined/unknown
	Maximum pool size: undefined/unknown
2026-03-24 12:08:08 [INFO] HHH000489: No JTA platform available (set 'hibernate.transaction.jta.platform' to enable JTA platform integration)
2026-03-24 12:08:08 [INFO] Initialized JPA EntityManagerFactory for persistence unit 'default'
2026-03-24 12:08:08 [INFO] Hibernate is in classpath; If applicable, HQL parser will be used.
2026-03-24 12:08:09 [INFO] Closing JPA EntityManagerFactory for persistence unit 'default'
2026-03-24 12:08:09 [INFO] HikariPool-1 - Shutdown initiated...
2026-03-24 12:08:10 [INFO] HikariPool-1 - Shutdown completed.
2026-03-24 12:08:10 [INFO] Stopping service [Tomcat]
2026-03-24 12:08:10 [INFO] 

Error starting ApplicationContext. To display the condition evaluation report re-run your application with 'debug' enabled.
2026-03-24 12:08:16 [INFO] Starting Application using Java 18.0.2.1 with PID 13296 (C:\Users\om.kariya\Documents\tss swabhav training\AdvancedMapping\target\classes started by Om.Kariya in C:\Users\om.kariya\Documents\tss swabhav training)
2026-03-24 12:08:16 [INFO] No active profile set, falling back to 1 default profile: "default"
2026-03-24 12:08:16 [INFO] Devtools property defaults active! Set 'spring.devtools.add-properties' to 'false' to disable
2026-03-24 12:08:16 [INFO] For additional web related logging consider setting the 'logging.level.web' property to 'DEBUG'
2026-03-24 12:08:17 [INFO] HV000001: Hibernate Validator 9.0.1.Final
2026-03-24 12:08:17 [INFO] Bootstrapping Spring Data JPA repositories in DEFAULT mode.
2026-03-24 12:08:17 [INFO] Finished Spring Data repository scanning in 87 ms. Found 4 JPA repository interfaces.
2026-03-24 12:08:18 [INFO] Tomcat initialized with port 8080 (http)
2026-03-24 12:08:18 [INFO] Initializing ProtocolHandler ["http-nio-8080"]
2026-03-24 12:08:18 [INFO] Starting service [Tomcat]
2026-03-24 12:08:18 [INFO] Starting Servlet engine: [Apache Tomcat/11.0.18]
2026-03-24 12:08:18 [INFO] Root WebApplicationContext: initialization completed in 1677 ms
2026-03-24 12:08:18 [INFO] HHH008540: Processing PersistenceUnitInfo [name: default]
2026-03-24 12:08:18 [INFO] HHH000001: Hibernate ORM core version 7.2.4.Final
2026-03-24 12:08:19 [INFO] No LoadTimeWeaver setup: ignoring JPA class transformer
2026-03-24 12:08:19 [INFO] HikariPool-1 - Starting...
2026-03-24 12:08:19 [INFO] HikariPool-1 - Added connection org.postgresql.jdbc.PgConnection@94a045d
2026-03-24 12:08:19 [INFO] HikariPool-1 - Start completed.
2026-03-24 12:08:19 [INFO] HHH10001005: Database info:
	Database JDBC URL [jdbc:postgresql://localhost:5432/AdvancedMapping]
	Database driver: PostgreSQL JDBC Driver
	Database dialect: PostgreSQLDialect
	Database version: 18.3
	Default catalog/schema: AdvancedMapping/public
	Autocommit mode: undefined/unknown
	Isolation level: READ_COMMITTED [default READ_COMMITTED]
	JDBC fetch size: none
	Pool: DataSourceConnectionProvider
	Minimum pool size: undefined/unknown
	Maximum pool size: undefined/unknown
2026-03-24 12:08:21 [INFO] HHH000489: No JTA platform available (set 'hibernate.transaction.jta.platform' to enable JTA platform integration)
2026-03-24 12:08:21 [INFO] Initialized JPA EntityManagerFactory for persistence unit 'default'
2026-03-24 12:08:21 [INFO] Hibernate is in classpath; If applicable, HQL parser will be used.
2026-03-24 12:08:22 [INFO] Closing JPA EntityManagerFactory for persistence unit 'default'
2026-03-24 12:08:22 [INFO] HikariPool-1 - Shutdown initiated...
2026-03-24 12:08:22 [INFO] HikariPool-1 - Shutdown completed.
2026-03-24 12:08:22 [INFO] Stopping service [Tomcat]
2026-03-24 12:08:22 [INFO] 

Error starting ApplicationContext. To display the condition evaluation report re-run your application with 'debug' enabled.
2026-03-24 12:12:05 [INFO] Starting Application using Java 18.0.2.1 with PID 16552 (C:\Users\om.kariya\Documents\tss swabhav training\AdvancedMapping\target\classes started by Om.Kariya in C:\Users\om.kariya\Documents\tss swabhav training)
2026-03-24 12:12:05 [INFO] No active profile set, falling back to 1 default profile: "default"
2026-03-24 12:12:06 [INFO] Devtools property defaults active! Set 'spring.devtools.add-properties' to 'false' to disable
2026-03-24 12:12:06 [INFO] For additional web related logging consider setting the 'logging.level.web' property to 'DEBUG'
2026-03-24 12:12:06 [INFO] HV000001: Hibernate Validator 9.0.1.Final
2026-03-24 12:12:07 [INFO] Bootstrapping Spring Data JPA repositories in DEFAULT mode.
2026-03-24 12:12:07 [INFO] Finished Spring Data repository scanning in 87 ms. Found 4 JPA repository interfaces.
2026-03-24 12:12:08 [INFO] Tomcat initialized with port 8080 (http)
2026-03-24 12:12:08 [INFO] Initializing ProtocolHandler ["http-nio-8080"]
2026-03-24 12:12:08 [INFO] Starting service [Tomcat]
2026-03-24 12:12:08 [INFO] Starting Servlet engine: [Apache Tomcat/11.0.18]
2026-03-24 12:12:08 [INFO] Root WebApplicationContext: initialization completed in 2184 ms
2026-03-24 12:12:08 [INFO] HHH008540: Processing PersistenceUnitInfo [name: default]
2026-03-24 12:12:08 [INFO] HHH000001: Hibernate ORM core version 7.2.4.Final
2026-03-24 12:12:09 [INFO] No LoadTimeWeaver setup: ignoring JPA class transformer
2026-03-24 12:12:09 [INFO] HikariPool-1 - Starting...
2026-03-24 12:12:09 [INFO] HikariPool-1 - Added connection org.postgresql.jdbc.PgConnection@101f03b2
2026-03-24 12:12:09 [INFO] HikariPool-1 - Start completed.
2026-03-24 12:12:09 [INFO] HHH10001005: Database info:
	Database JDBC URL [jdbc:postgresql://localhost:5432/AdvancedMapping]
	Database driver: PostgreSQL JDBC Driver
	Database dialect: PostgreSQLDialect
	Database version: 18.3
	Default catalog/schema: AdvancedMapping/public
	Autocommit mode: undefined/unknown
	Isolation level: READ_COMMITTED [default READ_COMMITTED]
	JDBC fetch size: none
	Pool: DataSourceConnectionProvider
	Minimum pool size: undefined/unknown
	Maximum pool size: undefined/unknown
2026-03-24 12:12:11 [INFO] HHH000489: No JTA platform available (set 'hibernate.transaction.jta.platform' to enable JTA platform integration)
2026-03-24 12:12:11 [INFO] Initialized JPA EntityManagerFactory for persistence unit 'default'
2026-03-24 12:12:11 [INFO] Hibernate is in classpath; If applicable, HQL parser will be used.
2026-03-24 12:12:13 [INFO] Starting ProtocolHandler ["http-nio-8080"]
2026-03-24 12:12:13 [INFO] Tomcat started on port 8080 (http) with context path '/'
2026-03-24 12:12:13 [INFO] Started Application in 9.374 seconds (process running for 10.39)
2026-03-24 12:12:18 [INFO] Initializing Spring DispatcherServlet 'dispatcherServlet'
2026-03-24 12:12:18 [INFO] Initializing Servlet 'dispatcherServlet'
2026-03-24 12:12:18 [INFO] Completed initialization in 1 ms
2026-03-24 12:26:08 [INFO] Commencing graceful shutdown. Waiting for active requests to complete
2026-03-24 12:26:09 [INFO] Graceful shutdown complete
2026-03-24 12:26:09 [INFO] Closing JPA EntityManagerFactory for persistence unit 'default'
2026-03-24 12:26:09 [INFO] HikariPool-1 - Shutdown initiated...
2026-03-24 12:26:09 [INFO] HikariPool-1 - Shutdown completed.
2026-03-24 12:26:19 [INFO] Starting Application using Java 18.0.2.1 with PID 6556 (C:\Users\om.kariya\Documents\tss swabhav training\AdvancedMapping\target\classes started by Om.Kariya in C:\Users\om.kariya\Documents\tss swabhav training)
2026-03-24 12:26:19 [INFO] No active profile set, falling back to 1 default profile: "default"
2026-03-24 12:26:19 [INFO] Devtools property defaults active! Set 'spring.devtools.add-properties' to 'false' to disable
2026-03-24 12:26:19 [INFO] For additional web related logging consider setting the 'logging.level.web' property to 'DEBUG'
2026-03-24 12:26:19 [INFO] HV000001: Hibernate Validator 9.0.1.Final
2026-03-24 12:26:20 [INFO] Bootstrapping Spring Data JPA repositories in DEFAULT mode.
2026-03-24 12:26:20 [INFO] Finished Spring Data repository scanning in 91 ms. Found 4 JPA repository interfaces.
2026-03-24 12:26:21 [INFO] Tomcat initialized with port 8080 (http)
2026-03-24 12:26:21 [INFO] Initializing ProtocolHandler ["http-nio-8080"]
2026-03-24 12:26:21 [INFO] Starting service [Tomcat]
2026-03-24 12:26:21 [INFO] Starting Servlet engine: [Apache Tomcat/11.0.18]
2026-03-24 12:26:21 [INFO] Root WebApplicationContext: initialization completed in 2020 ms
2026-03-24 12:26:21 [INFO] HHH008540: Processing PersistenceUnitInfo [name: default]
2026-03-24 12:26:21 [INFO] HHH000001: Hibernate ORM core version 7.2.4.Final
2026-03-24 12:26:22 [INFO] No LoadTimeWeaver setup: ignoring JPA class transformer
2026-03-24 12:26:22 [INFO] HikariPool-1 - Starting...
2026-03-24 12:26:22 [INFO] HikariPool-1 - Added connection org.postgresql.jdbc.PgConnection@75ff024
2026-03-24 12:26:22 [INFO] HikariPool-1 - Start completed.
2026-03-24 12:26:22 [INFO] HHH10001005: Database info:
	Database JDBC URL [jdbc:postgresql://localhost:5432/AdvancedMapping]
	Database driver: PostgreSQL JDBC Driver
	Database dialect: PostgreSQLDialect
	Database version: 18.3
	Default catalog/schema: AdvancedMapping/public
	Autocommit mode: undefined/unknown
	Isolation level: READ_COMMITTED [default READ_COMMITTED]
	JDBC fetch size: none
	Pool: DataSourceConnectionProvider
	Minimum pool size: undefined/unknown
	Maximum pool size: undefined/unknown
2026-03-24 12:26:24 [INFO] HHH000489: No JTA platform available (set 'hibernate.transaction.jta.platform' to enable JTA platform integration)
2026-03-24 12:26:24 [INFO] Initialized JPA EntityManagerFactory for persistence unit 'default'
2026-03-24 12:26:24 [INFO] Hibernate is in classpath; If applicable, HQL parser will be used.
2026-03-24 12:26:26 [INFO] Starting ProtocolHandler ["http-nio-8080"]
2026-03-24 12:26:26 [INFO] Tomcat started on port 8080 (http) with context path '/'
2026-03-24 12:26:26 [INFO] Started Application in 8.398 seconds (process running for 9.534)
2026-03-24 12:26:32 [INFO] Initializing Spring DispatcherServlet 'dispatcherServlet'
2026-03-24 12:26:32 [INFO] Initializing Servlet 'dispatcherServlet'
2026-03-24 12:26:32 [INFO] Completed initialization in 1 ms
2026-03-24 12:31:11 [INFO] Commencing graceful shutdown. Waiting for active requests to complete
2026-03-24 12:31:12 [INFO] Graceful shutdown complete
2026-03-24 12:31:12 [INFO] Closing JPA EntityManagerFactory for persistence unit 'default'
2026-03-24 12:31:12 [INFO] HikariPool-1 - Shutdown initiated...
2026-03-24 12:31:12 [INFO] HikariPool-1 - Shutdown completed.
2026-03-24 12:31:29 [INFO] Starting Application using Java 18.0.2.1 with PID 16788 (C:\Users\om.kariya\Documents\tss swabhav training\AdvancedMapping\target\classes started by Om.Kariya in C:\Users\om.kariya\Documents\tss swabhav training)
2026-03-24 12:31:29 [INFO] No active profile set, falling back to 1 default profile: "default"
2026-03-24 12:31:29 [INFO] Devtools property defaults active! Set 'spring.devtools.add-properties' to 'false' to disable
2026-03-24 12:31:29 [INFO] For additional web related logging consider setting the 'logging.level.web' property to 'DEBUG'
2026-03-24 12:31:30 [INFO] HV000001: Hibernate Validator 9.0.1.Final
2026-03-24 12:31:31 [INFO] Bootstrapping Spring Data JPA repositories in DEFAULT mode.
2026-03-24 12:31:31 [INFO] Finished Spring Data repository scanning in 134 ms. Found 4 JPA repository interfaces.
2026-03-24 12:31:32 [INFO] Tomcat initialized with port 8080 (http)
2026-03-24 12:31:32 [INFO] Initializing ProtocolHandler ["http-nio-8080"]
2026-03-24 12:31:32 [INFO] Starting service [Tomcat]
2026-03-24 12:31:32 [INFO] Starting Servlet engine: [Apache Tomcat/11.0.18]
2026-03-24 12:31:33 [INFO] Root WebApplicationContext: initialization completed in 3518 ms
2026-03-24 12:31:33 [INFO] HHH008540: Processing PersistenceUnitInfo [name: default]
2026-03-24 12:31:33 [INFO] HHH000001: Hibernate ORM core version 7.2.4.Final
2026-03-24 12:31:34 [INFO] No LoadTimeWeaver setup: ignoring JPA class transformer
2026-03-24 12:31:34 [INFO] HikariPool-1 - Starting...
2026-03-24 12:31:34 [INFO] HikariPool-1 - Added connection org.postgresql.jdbc.PgConnection@5984c6db
2026-03-24 12:31:34 [INFO] HikariPool-1 - Start completed.
2026-03-24 12:31:35 [INFO] HHH10001005: Database info:
	Database JDBC URL [jdbc:postgresql://localhost:5432/AdvancedMapping]
	Database driver: PostgreSQL JDBC Driver
	Database dialect: PostgreSQLDialect
	Database version: 18.3
	Default catalog/schema: AdvancedMapping/public
	Autocommit mode: undefined/unknown
	Isolation level: READ_COMMITTED [default READ_COMMITTED]
	JDBC fetch size: none
	Pool: DataSourceConnectionProvider
	Minimum pool size: undefined/unknown
	Maximum pool size: undefined/unknown
2026-03-24 12:31:37 [INFO] HHH000489: No JTA platform available (set 'hibernate.transaction.jta.platform' to enable JTA platform integration)
2026-03-24 12:31:37 [INFO] Initialized JPA EntityManagerFactory for persistence unit 'default'
2026-03-24 12:31:37 [INFO] Hibernate is in classpath; If applicable, HQL parser will be used.
2026-03-24 12:31:41 [INFO] Starting ProtocolHandler ["http-nio-8080"]
2026-03-24 12:31:41 [INFO] Tomcat started on port 8080 (http) with context path '/'
2026-03-24 12:31:41 [INFO] Started Application in 14.283 seconds (process running for 17.855)
2026-03-24 12:31:42 [INFO] Initializing Spring DispatcherServlet 'dispatcherServlet'
2026-03-24 12:31:42 [INFO] Initializing Servlet 'dispatcherServlet'
2026-03-24 12:31:42 [INFO] Completed initialization in 1 ms
2026-03-24 12:35:46 [INFO] Commencing graceful shutdown. Waiting for active requests to complete
2026-03-24 12:35:46 [INFO] Graceful shutdown complete
2026-03-24 12:35:46 [INFO] Closing JPA EntityManagerFactory for persistence unit 'default'
2026-03-24 12:35:47 [INFO] HikariPool-1 - Shutdown initiated...
2026-03-24 12:35:47 [INFO] HikariPool-1 - Shutdown completed.
2026-03-24 12:35:56 [INFO] Starting Application using Java 18.0.2.1 with PID 19664 (C:\Users\om.kariya\Documents\tss swabhav training\AdvancedMapping\target\classes started by Om.Kariya in C:\Users\om.kariya\Documents\tss swabhav training)
2026-03-24 12:35:56 [INFO] No active profile set, falling back to 1 default profile: "default"
2026-03-24 12:35:56 [INFO] Devtools property defaults active! Set 'spring.devtools.add-properties' to 'false' to disable
2026-03-24 12:35:56 [INFO] For additional web related logging consider setting the 'logging.level.web' property to 'DEBUG'
2026-03-24 12:35:56 [INFO] HV000001: Hibernate Validator 9.0.1.Final
2026-03-24 12:35:57 [INFO] Bootstrapping Spring Data JPA repositories in DEFAULT mode.
2026-03-24 12:35:57 [INFO] Finished Spring Data repository scanning in 84 ms. Found 4 JPA repository interfaces.
2026-03-24 12:35:58 [INFO] Tomcat initialized with port 8080 (http)
2026-03-24 12:35:58 [INFO] Initializing ProtocolHandler ["http-nio-8080"]
2026-03-24 12:35:58 [INFO] Starting service [Tomcat]
2026-03-24 12:35:58 [INFO] Starting Servlet engine: [Apache Tomcat/11.0.18]
2026-03-24 12:35:58 [INFO] Root WebApplicationContext: initialization completed in 2225 ms
2026-03-24 12:35:58 [INFO] HHH008540: Processing PersistenceUnitInfo [name: default]
2026-03-24 12:35:59 [INFO] HHH000001: Hibernate ORM core version 7.2.4.Final
2026-03-24 12:35:59 [INFO] No LoadTimeWeaver setup: ignoring JPA class transformer
2026-03-24 12:35:59 [INFO] HikariPool-1 - Starting...
2026-03-24 12:36:00 [INFO] HikariPool-1 - Added connection org.postgresql.jdbc.PgConnection@2902512d
2026-03-24 12:36:00 [INFO] HikariPool-1 - Start completed.
2026-03-24 12:36:00 [INFO] HHH10001005: Database info:
	Database JDBC URL [jdbc:postgresql://localhost:5432/AdvancedMapping]
	Database driver: PostgreSQL JDBC Driver
	Database dialect: PostgreSQLDialect
	Database version: 18.3
	Default catalog/schema: AdvancedMapping/public
	Autocommit mode: undefined/unknown
	Isolation level: READ_COMMITTED [default READ_COMMITTED]
	JDBC fetch size: none
	Pool: DataSourceConnectionProvider
	Minimum pool size: undefined/unknown
	Maximum pool size: undefined/unknown
2026-03-24 12:36:01 [INFO] HHH000489: No JTA platform available (set 'hibernate.transaction.jta.platform' to enable JTA platform integration)
2026-03-24 12:36:01 [INFO] Initialized JPA EntityManagerFactory for persistence unit 'default'
2026-03-24 12:36:01 [INFO] Hibernate is in classpath; If applicable, HQL parser will be used.
2026-03-24 12:36:04 [INFO] Starting ProtocolHandler ["http-nio-8080"]
2026-03-24 12:36:04 [INFO] Tomcat started on port 8080 (http) with context path '/'
2026-03-24 12:36:04 [INFO] Started Application in 9.456 seconds (process running for 10.518)
2026-03-24 12:36:06 [INFO] Initializing Spring DispatcherServlet 'dispatcherServlet'
2026-03-24 12:36:06 [INFO] Initializing Servlet 'dispatcherServlet'
2026-03-24 12:36:06 [INFO] Completed initialization in 1 ms
2026-03-24 12:44:16 [INFO] Restarting due to 3 class path changes (0 additions, 3 deletions, 0 modifications)
2026-03-24 12:44:16 [INFO] Commencing graceful shutdown. Waiting for active requests to complete
2026-03-24 12:44:16 [INFO] Pausing ProtocolHandler ["http-nio-8080"]
2026-03-24 12:44:16 [INFO] Graceful shutdown complete
2026-03-24 12:44:16 [INFO] Stopping ProtocolHandler ["http-nio-8080"]
2026-03-24 12:44:16 [INFO] Closing JPA EntityManagerFactory for persistence unit 'default'
2026-03-24 12:44:16 [INFO] HikariPool-1 - Shutdown initiated...
2026-03-24 12:44:16 [INFO] HikariPool-1 - Shutdown completed.
2026-03-24 12:44:17 [INFO] Starting Application using Java 18.0.2.1 with PID 19664 (C:\Users\om.kariya\Documents\tss swabhav training\AdvancedMapping\target\classes started by Om.Kariya in C:\Users\om.kariya\Documents\tss swabhav training)
2026-03-24 12:44:17 [INFO] No active profile set, falling back to 1 default profile: "default"
2026-03-24 12:44:20 [INFO] Starting Application using Java 18.0.2.1 with PID 19664 (C:\Users\om.kariya\Documents\tss swabhav training\AdvancedMapping\target\classes started by Om.Kariya in C:\Users\om.kariya\Documents\tss swabhav training)
2026-03-24 12:44:20 [INFO] No active profile set, falling back to 1 default profile: "default"
2026-03-24 12:46:48 [INFO] Starting Application using Java 18.0.2.1 with PID 1880 (C:\Users\om.kariya\Documents\tss swabhav training\AdvancedMapping\target\classes started by Om.Kariya in C:\Users\om.kariya\Documents\tss swabhav training)
2026-03-24 12:46:48 [INFO] No active profile set, falling back to 1 default profile: "default"
2026-03-24 12:46:48 [INFO] Devtools property defaults active! Set 'spring.devtools.add-properties' to 'false' to disable
2026-03-24 12:46:48 [INFO] For additional web related logging consider setting the 'logging.level.web' property to 'DEBUG'
2026-03-24 12:46:49 [INFO] HV000001: Hibernate Validator 9.0.1.Final
2026-03-24 12:46:50 [INFO] Bootstrapping Spring Data JPA repositories in DEFAULT mode.
2026-03-24 12:46:50 [INFO] Finished Spring Data repository scanning in 93 ms. Found 4 JPA repository interfaces.
2026-03-24 12:46:50 [INFO] Tomcat initialized with port 8080 (http)
2026-03-24 12:46:50 [INFO] Initializing ProtocolHandler ["http-nio-8080"]
2026-03-24 12:46:50 [INFO] Starting service [Tomcat]
2026-03-24 12:46:50 [INFO] Starting Servlet engine: [Apache Tomcat/11.0.18]
2026-03-24 12:46:51 [INFO] Root WebApplicationContext: initialization completed in 2193 ms
2026-03-24 12:46:51 [INFO] HHH008540: Processing PersistenceUnitInfo [name: default]
2026-03-24 12:46:51 [INFO] HHH000001: Hibernate ORM core version 7.2.4.Final
2026-03-24 12:46:52 [INFO] No LoadTimeWeaver setup: ignoring JPA class transformer
2026-03-24 12:46:52 [INFO] HikariPool-1 - Starting...
2026-03-24 12:46:52 [INFO] HikariPool-1 - Added connection org.postgresql.jdbc.PgConnection@2902512d
2026-03-24 12:46:52 [INFO] HikariPool-1 - Start completed.
2026-03-24 12:46:52 [INFO] HHH10001005: Database info:
	Database JDBC URL [jdbc:postgresql://localhost:5432/AdvancedMapping]
	Database driver: PostgreSQL JDBC Driver
	Database dialect: PostgreSQLDialect
	Database version: 18.3
	Default catalog/schema: AdvancedMapping/public
	Autocommit mode: undefined/unknown
	Isolation level: READ_COMMITTED [default READ_COMMITTED]
	JDBC fetch size: none
	Pool: DataSourceConnectionProvider
	Minimum pool size: undefined/unknown
	Maximum pool size: undefined/unknown
2026-03-24 12:46:54 [INFO] HHH000489: No JTA platform available (set 'hibernate.transaction.jta.platform' to enable JTA platform integration)
2026-03-24 12:46:54 [INFO] Initialized JPA EntityManagerFactory for persistence unit 'default'
2026-03-24 12:46:54 [INFO] Hibernate is in classpath; If applicable, HQL parser will be used.
2026-03-24 12:46:56 [INFO] Starting ProtocolHandler ["http-nio-8080"]
2026-03-24 12:46:56 [INFO] Tomcat started on port 8080 (http) with context path '/'
2026-03-24 12:46:56 [INFO] Started Application in 9.309 seconds (process running for 10.946)
2026-03-24 12:49:16 [INFO] Initializing Spring DispatcherServlet 'dispatcherServlet'
2026-03-24 12:49:16 [INFO] Initializing Servlet 'dispatcherServlet'
2026-03-24 12:49:16 [INFO] Completed initialization in 12 ms
2026-03-24 13:03:53 [INFO] Commencing graceful shutdown. Waiting for active requests to complete
2026-03-24 13:03:54 [INFO] Graceful shutdown complete
2026-03-24 13:03:54 [INFO] Closing JPA EntityManagerFactory for persistence unit 'default'
2026-03-24 13:03:54 [INFO] HikariPool-1 - Shutdown initiated...
2026-03-24 13:03:54 [INFO] HikariPool-1 - Shutdown completed.
2026-03-24 13:04:07 [INFO] Starting Application using Java 18.0.2.1 with PID 6536 (C:\Users\om.kariya\Documents\tss swabhav training\AdvancedMapping\target\classes started by Om.Kariya in C:\Users\om.kariya\Documents\tss swabhav training)
2026-03-24 13:04:07 [INFO] No active profile set, falling back to 1 default profile: "default"
2026-03-24 13:04:07 [INFO] Devtools property defaults active! Set 'spring.devtools.add-properties' to 'false' to disable
2026-03-24 13:04:07 [INFO] For additional web related logging consider setting the 'logging.level.web' property to 'DEBUG'
2026-03-24 13:04:08 [INFO] HV000001: Hibernate Validator 9.0.1.Final
2026-03-24 13:04:09 [INFO] Bootstrapping Spring Data JPA repositories in DEFAULT mode.
2026-03-24 13:04:09 [INFO] Finished Spring Data repository scanning in 102 ms. Found 4 JPA repository interfaces.
2026-03-24 13:04:10 [INFO] Tomcat initialized with port 8080 (http)
2026-03-24 13:04:10 [INFO] Initializing ProtocolHandler ["http-nio-8080"]
2026-03-24 13:04:10 [INFO] Starting service [Tomcat]
2026-03-24 13:04:10 [INFO] Starting Servlet engine: [Apache Tomcat/11.0.18]
2026-03-24 13:04:10 [INFO] Root WebApplicationContext: initialization completed in 2434 ms
2026-03-24 13:04:10 [INFO] HHH008540: Processing PersistenceUnitInfo [name: default]
2026-03-24 13:04:10 [INFO] HHH000001: Hibernate ORM core version 7.2.4.Final
2026-03-24 13:04:11 [INFO] No LoadTimeWeaver setup: ignoring JPA class transformer
2026-03-24 13:04:11 [INFO] HikariPool-1 - Starting...
2026-03-24 13:04:12 [INFO] HikariPool-1 - Added connection org.postgresql.jdbc.PgConnection@4769f361
2026-03-24 13:04:12 [INFO] HikariPool-1 - Start completed.
2026-03-24 13:04:12 [INFO] HHH10001005: Database info:
	Database JDBC URL [jdbc:postgresql://localhost:5432/AdvancedMapping]
	Database driver: PostgreSQL JDBC Driver
	Database dialect: PostgreSQLDialect
	Database version: 18.3
	Default catalog/schema: AdvancedMapping/public
	Autocommit mode: undefined/unknown
	Isolation level: READ_COMMITTED [default READ_COMMITTED]
	JDBC fetch size: none
	Pool: DataSourceConnectionProvider
	Minimum pool size: undefined/unknown
	Maximum pool size: undefined/unknown
2026-03-24 13:04:14 [INFO] HHH000489: No JTA platform available (set 'hibernate.transaction.jta.platform' to enable JTA platform integration)
2026-03-24 13:04:14 [INFO] Initialized JPA EntityManagerFactory for persistence unit 'default'
2026-03-24 13:04:14 [INFO] Hibernate is in classpath; If applicable, HQL parser will be used.
2026-03-24 13:04:16 [INFO] Starting ProtocolHandler ["http-nio-8080"]
2026-03-24 13:04:16 [INFO] Tomcat started on port 8080 (http) with context path '/'
2026-03-24 13:04:16 [INFO] Started Application in 10.222 seconds (process running for 11.279)
2026-03-24 13:05:48 [INFO] Commencing graceful shutdown. Waiting for active requests to complete
2026-03-24 13:05:49 [INFO] Graceful shutdown complete
2026-03-24 13:05:49 [INFO] Closing JPA EntityManagerFactory for persistence unit 'default'
2026-03-24 13:05:49 [INFO] HikariPool-1 - Shutdown initiated...
2026-03-24 13:05:49 [INFO] HikariPool-1 - Shutdown completed.
2026-03-24 13:05:56 [INFO] Starting Application using Java 18.0.2.1 with PID 20184 (C:\Users\om.kariya\Documents\tss swabhav training\AdvancedMapping\target\classes started by Om.Kariya in C:\Users\om.kariya\Documents\tss swabhav training)
2026-03-24 13:05:56 [INFO] No active profile set, falling back to 1 default profile: "default"
2026-03-24 13:05:56 [INFO] Devtools property defaults active! Set 'spring.devtools.add-properties' to 'false' to disable
2026-03-24 13:05:56 [INFO] For additional web related logging consider setting the 'logging.level.web' property to 'DEBUG'
2026-03-24 13:05:57 [INFO] HV000001: Hibernate Validator 9.0.1.Final
2026-03-24 13:05:57 [INFO] Bootstrapping Spring Data JPA repositories in DEFAULT mode.
2026-03-24 13:05:58 [INFO] Finished Spring Data repository scanning in 93 ms. Found 4 JPA repository interfaces.
2026-03-24 13:05:58 [INFO] Tomcat initialized with port 8080 (http)
2026-03-24 13:05:58 [INFO] Initializing ProtocolHandler ["http-nio-8080"]
2026-03-24 13:05:58 [INFO] Starting service [Tomcat]
2026-03-24 13:05:58 [INFO] Starting Servlet engine: [Apache Tomcat/11.0.18]
2026-03-24 13:05:58 [INFO] Root WebApplicationContext: initialization completed in 1936 ms
2026-03-24 13:05:59 [INFO] HHH008540: Processing PersistenceUnitInfo [name: default]
2026-03-24 13:05:59 [INFO] HHH000001: Hibernate ORM core version 7.2.4.Final
2026-03-24 13:06:01 [INFO] No LoadTimeWeaver setup: ignoring JPA class transformer
2026-03-24 13:06:01 [INFO] HikariPool-1 - Starting...
2026-03-24 13:06:02 [INFO] HikariPool-1 - Added connection org.postgresql.jdbc.PgConnection@71958ed4
2026-03-24 13:06:02 [INFO] HikariPool-1 - Start completed.
2026-03-24 13:06:02 [INFO] HHH10001005: Database info:
	Database JDBC URL [jdbc:postgresql://localhost:5432/AdvancedMapping]
	Database driver: PostgreSQL JDBC Driver
	Database dialect: PostgreSQLDialect
	Database version: 18.3
	Default catalog/schema: AdvancedMapping/public
	Autocommit mode: undefined/unknown
	Isolation level: READ_COMMITTED [default READ_COMMITTED]
	JDBC fetch size: none
	Pool: DataSourceConnectionProvider
	Minimum pool size: undefined/unknown
	Maximum pool size: undefined/unknown
2026-03-24 13:06:04 [INFO] HHH000489: No JTA platform available (set 'hibernate.transaction.jta.platform' to enable JTA platform integration)
2026-03-24 13:06:04 [INFO] Initialized JPA EntityManagerFactory for persistence unit 'default'
2026-03-24 13:06:05 [INFO] Hibernate is in classpath; If applicable, HQL parser will be used.
2026-03-24 13:06:07 [INFO] Starting ProtocolHandler ["http-nio-8080"]
2026-03-24 13:06:07 [INFO] Tomcat started on port 8080 (http) with context path '/'
2026-03-24 13:06:07 [INFO] Started Application in 12.162 seconds (process running for 13.211)
2026-03-24 16:30:28 [INFO] Commencing graceful shutdown. Waiting for active requests to complete
2026-03-24 16:30:29 [INFO] Graceful shutdown complete
2026-03-24 16:30:29 [INFO] Closing JPA EntityManagerFactory for persistence unit 'default'
2026-03-24 16:30:29 [INFO] HikariPool-1 - Shutdown initiated...
2026-03-24 16:30:29 [INFO] HikariPool-1 - Shutdown completed.
