2026-03-24 00:11:37 [WARN] HikariPool-2 - Thread starvation or clock leap detected (housekeeper delta=5h43m41s646ms606µs700ns).
2026-03-24 09:06:56 [WARN] HikariPool-2 - Thread starvation or clock leap detected (housekeeper delta=8h55m21s244ms823µs).
2026-03-24 10:12:13 [WARN] HHH90000025: PostgreSQLDialect does not need to be specified explicitly using 'hibernate.dialect' (remove the property setting and it will be selected by default)
2026-03-24 10:12:17 [WARN] spring.jpa.open-in-view is enabled by default. Therefore, database queries may be performed during view rendering. Explicitly configure spring.jpa.open-in-view to disable this warning
2026-03-24 10:36:01 [WARN] HHH90000025: PostgreSQLDialect does not need to be specified explicitly using 'hibernate.dialect' (remove the property setting and it will be selected by default)
2026-03-24 10:36:01 [WARN] Exception encountered during context initialization - cancelling refresh attempt: org.springframework.beans.factory.UnsatisfiedDependencyException: Error creating bean with name 'courseController' defined in file [C:\Users\om.kariya\Documents\tss swabhav training\AdvancedMapping\target\classes\com\tss\AdvancedMapping\controller\CourseController.class]: Unsatisfied dependency expressed through constructor parameter 0: No qualifying bean of type 'com.tss.AdvancedMapping.service.interfaces.CourseService' available: expected at least 1 bean which qualifies as autowire candidate. Dependency annotations: {}
2026-03-24 10:36:09 [WARN] HHH90000025: PostgreSQLDialect does not need to be specified explicitly using 'hibernate.dialect' (remove the property setting and it will be selected by default)
2026-03-24 10:36:11 [WARN] spring.jpa.open-in-view is enabled by default. Therefore, database queries may be performed during view rendering. Explicitly configure spring.jpa.open-in-view to disable this warning
2026-03-24 10:36:42 [WARN] HHH90000025: PostgreSQLDialect does not need to be specified explicitly using 'hibernate.dialect' (remove the property setting and it will be selected by default)
2026-03-24 10:36:48 [WARN] spring.jpa.open-in-view is enabled by default. Therefore, database queries may be performed during view rendering. Explicitly configure spring.jpa.open-in-view to disable this warning
2026-03-24 10:53:10 [WARN] HHH90000025: PostgreSQLDialect does not need to be specified explicitly using 'hibernate.dialect' (remove the property setting and it will be selected by default)
2026-03-24 10:53:11 [WARN] Exception encountered during context initialization - cancelling refresh attempt: org.springframework.beans.factory.UnsatisfiedDependencyException: Error creating bean with name 'courseController' defined in file [C:\Users\om.kariya\Documents\tss swabhav training\AdvancedMapping\target\classes\com\tss\AdvancedMapping\controller\CourseController.class]: Unsatisfied dependency expressed through constructor parameter 0: Error creating bean with name 'courseServiceImpl': Resolution of declared constructors on bean Class [com.tss.AdvancedMapping.service.implementations.CourseServiceImpl] from ClassLoader [org.springframework.boot.devtools.restart.classloader.RestartClassLoader@4b944968] failed
2026-03-24 10:53:15 [WARN] HHH90000025: PostgreSQLDialect does not need to be specified explicitly using 'hibernate.dialect' (remove the property setting and it will be selected by default)
2026-03-24 10:53:16 [WARN] Exception encountered during context initialization - cancelling refresh attempt: org.springframework.beans.factory.UnsatisfiedDependencyException: Error creating bean with name 'courseController' defined in file [C:\Users\om.kariya\Documents\tss swabhav training\AdvancedMapping\target\classes\com\tss\AdvancedMapping\controller\CourseController.class]: Unsatisfied dependency expressed through constructor parameter 0: Error creating bean with name 'courseServiceImpl' defined in file [C:\Users\om.kariya\Documents\tss swabhav training\AdvancedMapping\target\classes\com\tss\AdvancedMapping\service\implementations\CourseServiceImpl.class]: Unsatisfied dependency expressed through constructor parameter 2: Error creating bean with name 'instructorRepository' defined in com.tss.AdvancedMapping.repository.InstructorRepository defined in @EnableJpaRepositories declared on DataJpaRepositoriesRegistrar.EnableJpaRepositoriesConfiguration: Query validation failed for 'select i from instructor i where i.name like :c'
2026-03-24 10:55:09 [WARN] HHH90000025: PostgreSQLDialect does not need to be specified explicitly using 'hibernate.dialect' (remove the property setting and it will be selected by default)
2026-03-24 10:55:10 [WARN] Exception encountered during context initialization - cancelling refresh attempt: org.springframework.beans.factory.UnsatisfiedDependencyException: Error creating bean with name 'courseController' defined in file [C:\Users\om.kariya\Documents\tss swabhav training\AdvancedMapping\target\classes\com\tss\AdvancedMapping\controller\CourseController.class]: Unsatisfied dependency expressed through constructor parameter 0: Error creating bean with name 'courseServiceImpl' defined in file [C:\Users\om.kariya\Documents\tss swabhav training\AdvancedMapping\target\classes\com\tss\AdvancedMapping\service\implementations\CourseServiceImpl.class]: Unsatisfied dependency expressed through constructor parameter 2: Error creating bean with name 'instructorRepository' defined in com.tss.AdvancedMapping.repository.InstructorRepository defined in @EnableJpaRepositories declared on DataJpaRepositoriesRegistrar.EnableJpaRepositoriesConfiguration: Query validation failed for 'select i from instructor i where i.name like :c'
2026-03-24 10:55:14 [WARN] HHH90000025: PostgreSQLDialect does not need to be specified explicitly using 'hibernate.dialect' (remove the property setting and it will be selected by default)
2026-03-24 10:55:15 [WARN] Exception encountered during context initialization - cancelling refresh attempt: org.springframework.beans.factory.UnsatisfiedDependencyException: Error creating bean with name 'courseController' defined in file [C:\Users\om.kariya\Documents\tss swabhav training\AdvancedMapping\target\classes\com\tss\AdvancedMapping\controller\CourseController.class]: Unsatisfied dependency expressed through constructor parameter 0: Error creating bean with name 'courseServiceImpl' defined in file [C:\Users\om.kariya\Documents\tss swabhav training\AdvancedMapping\target\classes\com\tss\AdvancedMapping\service\implementations\CourseServiceImpl.class]: Unsatisfied dependency expressed through constructor parameter 2: Error creating bean with name 'instructorRepository' defined in com.tss.AdvancedMapping.repository.InstructorRepository defined in @EnableJpaRepositories declared on DataJpaRepositoriesRegistrar.EnableJpaRepositoriesConfiguration: Query validation failed for 'select i from instructor i where i.name like :c'
2026-03-24 10:55:38 [WARN] HHH90000025: PostgreSQLDialect does not need to be specified explicitly using 'hibernate.dialect' (remove the property setting and it will be selected by default)
2026-03-24 10:55:39 [WARN] Exception encountered during context initialization - cancelling refresh attempt: org.springframework.beans.factory.UnsatisfiedDependencyException: Error creating bean with name 'courseController' defined in file [C:\Users\om.kariya\Documents\tss swabhav training\AdvancedMapping\target\classes\com\tss\AdvancedMapping\controller\CourseController.class]: Unsatisfied dependency expressed through constructor parameter 0: Error creating bean with name 'courseServiceImpl' defined in file [C:\Users\om.kariya\Documents\tss swabhav training\AdvancedMapping\target\classes\com\tss\AdvancedMapping\service\implementations\CourseServiceImpl.class]: Unsatisfied dependency expressed through constructor parameter 2: Error creating bean with name 'instructorRepository' defined in com.tss.AdvancedMapping.repository.InstructorRepository defined in @EnableJpaRepositories declared on DataJpaRepositoriesRegistrar.EnableJpaRepositoriesConfiguration: Query validation failed for 'select i from instructor i where i.name like :c'
2026-03-24 10:55:43 [WARN] HHH90000025: PostgreSQLDialect does not need to be specified explicitly using 'hibernate.dialect' (remove the property setting and it will be selected by default)
2026-03-24 10:55:44 [WARN] Exception encountered during context initialization - cancelling refresh attempt: org.springframework.beans.factory.UnsatisfiedDependencyException: Error creating bean with name 'courseController' defined in file [C:\Users\om.kariya\Documents\tss swabhav training\AdvancedMapping\target\classes\com\tss\AdvancedMapping\controller\CourseController.class]: Unsatisfied dependency expressed through constructor parameter 0: Error creating bean with name 'courseServiceImpl' defined in file [C:\Users\om.kariya\Documents\tss swabhav training\AdvancedMapping\target\classes\com\tss\AdvancedMapping\service\implementations\CourseServiceImpl.class]: Unsatisfied dependency expressed through constructor parameter 2: Error creating bean with name 'instructorRepository' defined in com.tss.AdvancedMapping.repository.InstructorRepository defined in @EnableJpaRepositories declared on DataJpaRepositoriesRegistrar.EnableJpaRepositoriesConfiguration: Query validation failed for 'select i from instructor i where i.name like :c'
2026-03-24 11:00:27 [WARN] HHH90000025: PostgreSQLDialect does not need to be specified explicitly using 'hibernate.dialect' (remove the property setting and it will be selected by default)
2026-03-24 11:00:32 [WARN] Exception encountered during context initialization - cancelling refresh attempt: org.springframework.beans.factory.UnsatisfiedDependencyException: Error creating bean with name 'courseController' defined in file [C:\Users\om.kariya\Documents\tss swabhav training\AdvancedMapping\target\classes\com\tss\AdvancedMapping\controller\CourseController.class]: Unsatisfied dependency expressed through constructor parameter 0: Error creating bean with name 'courseServiceImpl' defined in file [C:\Users\om.kariya\Documents\tss swabhav training\AdvancedMapping\target\classes\com\tss\AdvancedMapping\service\implementations\CourseServiceImpl.class]: Unsatisfied dependency expressed through constructor parameter 2: Error creating bean with name 'instructorRepository' defined in com.tss.AdvancedMapping.repository.InstructorRepository defined in @EnableJpaRepositories declared on DataJpaRepositoriesRegistrar.EnableJpaRepositoriesConfiguration: Query validation failed for 'select i from instructor i where i.name like :c'
2026-03-24 11:01:17 [WARN] HHH90000025: PostgreSQLDialect does not need to be specified explicitly using 'hibernate.dialect' (remove the property setting and it will be selected by default)
2026-03-24 11:01:22 [WARN] Exception encountered during context initialization - cancelling refresh attempt: org.springframework.beans.factory.UnsatisfiedDependencyException: Error creating bean with name 'courseController' defined in file [C:\Users\om.kariya\Documents\tss swabhav training\AdvancedMapping\target\classes\com\tss\AdvancedMapping\controller\CourseController.class]: Unsatisfied dependency expressed through constructor parameter 0: Error creating bean with name 'courseServiceImpl' defined in file [C:\Users\om.kariya\Documents\tss swabhav training\AdvancedMapping\target\classes\com\tss\AdvancedMapping\service\implementations\CourseServiceImpl.class]: Unsatisfied dependency expressed through constructor parameter 2: Error creating bean with name 'instructorRepository' defined in com.tss.AdvancedMapping.repository.InstructorRepository defined in @EnableJpaRepositories declared on DataJpaRepositoriesRegistrar.EnableJpaRepositoriesConfiguration: Query validation failed for 'select i from instructor i where i.name like :c'
2026-03-24 11:02:26 [WARN] HHH90000025: PostgreSQLDialect does not need to be specified explicitly using 'hibernate.dialect' (remove the property setting and it will be selected by default)
2026-03-24 11:02:29 [WARN] spring.jpa.open-in-view is enabled by default. Therefore, database queries may be performed during view rendering. Explicitly configure spring.jpa.open-in-view to disable this warning
2026-03-24 11:02:36 [WARN] Serializing PageImpl instances as-is is not supported, meaning that there is no guarantee about the stability of the resulting JSON structure!
	For a stable JSON structure, please use Spring Data's PagedModel (globally via @EnableSpringDataWebSupport(pageSerializationMode = VIA_DTO))
	or Spring HATEOAS and Spring Data's PagedResourcesAssembler as documented in https://docs.spring.io/spring-data/commons/reference/repositories/core-extensions.html#core.web.pageables.

2026-03-24 11:07:19 [WARN] HHH90000025: PostgreSQLDialect does not need to be specified explicitly using 'hibernate.dialect' (remove the property setting and it will be selected by default)
2026-03-24 11:07:19 [WARN] Exception encountered during context initialization - cancelling refresh attempt: org.springframework.beans.factory.UnsatisfiedDependencyException: Error creating bean with name 'instructorController' defined in file [C:\Users\om.kariya\Documents\tss swabhav training\AdvancedMapping\target\classes\com\tss\AdvancedMapping\controller\InstructorController.class]: Unsatisfied dependency expressed through constructor parameter 0: Error creating bean with name 'instructorServiceImpl': Resolution of declared constructors on bean Class [com.tss.AdvancedMapping.service.implementations.InstructorServiceImpl] from ClassLoader [org.springframework.boot.devtools.restart.classloader.RestartClassLoader@52a1ed34] failed
2026-03-24 11:07:36 [WARN] HHH90000025: PostgreSQLDialect does not need to be specified explicitly using 'hibernate.dialect' (remove the property setting and it will be selected by default)
2026-03-24 11:07:42 [WARN] spring.jpa.open-in-view is enabled by default. Therefore, database queries may be performed during view rendering. Explicitly configure spring.jpa.open-in-view to disable this warning
2026-03-24 11:07:50 [WARN] Serializing PageImpl instances as-is is not supported, meaning that there is no guarantee about the stability of the resulting JSON structure!
	For a stable JSON structure, please use Spring Data's PagedModel (globally via @EnableSpringDataWebSupport(pageSerializationMode = VIA_DTO))
	or Spring HATEOAS and Spring Data's PagedResourcesAssembler as documented in https://docs.spring.io/spring-data/commons/reference/repositories/core-extensions.html#core.web.pageables.

2026-03-24 11:17:24 [WARN] HHH90000025: PostgreSQLDialect does not need to be specified explicitly using 'hibernate.dialect' (remove the property setting and it will be selected by default)
2026-03-24 11:17:28 [WARN] spring.jpa.open-in-view is enabled by default. Therefore, database queries may be performed during view rendering. Explicitly configure spring.jpa.open-in-view to disable this warning
2026-03-24 11:17:36 [WARN] Resolved [com.tss.AdvancedMapping.exception.ResourceNotFoundException: Instructor not found not found 10]
2026-03-24 11:45:58 [WARN] HHH90000025: PostgreSQLDialect does not need to be specified explicitly using 'hibernate.dialect' (remove the property setting and it will be selected by default)
2026-03-24 11:46:03 [WARN] spring.jpa.open-in-view is enabled by default. Therefore, database queries may be performed during view rendering. Explicitly configure spring.jpa.open-in-view to disable this warning
2026-03-24 11:56:34 [WARN] HHH90000025: PostgreSQLDialect does not need to be specified explicitly using 'hibernate.dialect' (remove the property setting and it will be selected by default)
2026-03-24 11:56:39 [WARN] spring.jpa.open-in-view is enabled by default. Therefore, database queries may be performed during view rendering. Explicitly configure spring.jpa.open-in-view to disable this warning
2026-03-24 11:58:16 [WARN] Serializing PageImpl instances as-is is not supported, meaning that there is no guarantee about the stability of the resulting JSON structure!
	For a stable JSON structure, please use Spring Data's PagedModel (globally via @EnableSpringDataWebSupport(pageSerializationMode = VIA_DTO))
	or Spring HATEOAS and Spring Data's PagedResourcesAssembler as documented in https://docs.spring.io/spring-data/commons/reference/repositories/core-extensions.html#core.web.pageables.

2026-03-24 11:59:51 [WARN] Resolved [com.tss.AdvancedMapping.exception.ResourceNotFoundException: student not found not found 1]
2026-03-24 12:00:14 [WARN] Resolved [com.tss.AdvancedMapping.exception.ResourceNotFoundException: student not found not found 1]
2026-03-24 12:00:16 [WARN] Resolved [com.tss.AdvancedMapping.exception.ResourceNotFoundException: student not found not found 1]
2026-03-24 12:00:17 [WARN] Resolved [com.tss.AdvancedMapping.exception.ResourceNotFoundException: student not found not found 1]
2026-03-24 12:00:19 [WARN] Resolved [com.tss.AdvancedMapping.exception.ResourceNotFoundException: student not found not found 1]
2026-03-24 12:00:39 [WARN] HHH90000025: PostgreSQLDialect does not need to be specified explicitly using 'hibernate.dialect' (remove the property setting and it will be selected by default)
2026-03-24 12:00:44 [WARN] spring.jpa.open-in-view is enabled by default. Therefore, database queries may be performed during view rendering. Explicitly configure spring.jpa.open-in-view to disable this warning
2026-03-24 12:07:50 [WARN] Resolved [org.springframework.web.servlet.resource.NoResourceFoundException: No static resource courses/getCourse/5 for request '/courses/getCourse/5'.]
2026-03-24 12:08:06 [WARN] HHH90000025: PostgreSQLDialect does not need to be specified explicitly using 'hibernate.dialect' (remove the property setting and it will be selected by default)
2026-03-24 12:08:09 [WARN] Exception encountered during context initialization - cancelling refresh attempt: org.springframework.beans.factory.UnsatisfiedDependencyException: Error creating bean with name 'courseController' defined in file [C:\Users\om.kariya\Documents\tss swabhav training\AdvancedMapping\target\classes\com\tss\AdvancedMapping\controller\CourseController.class]: Unsatisfied dependency expressed through constructor parameter 0: Error creating bean with name 'courseServiceImpl' defined in file [C:\Users\om.kariya\Documents\tss swabhav training\AdvancedMapping\target\classes\com\tss\AdvancedMapping\service\implementations\CourseServiceImpl.class]: Unsatisfied dependency expressed through constructor parameter 1: Error creating bean with name 'courseRepository' defined in com.tss.AdvancedMapping.repository.CourseRepository defined in @EnableJpaRepositories declared on DataJpaRepositoriesRegistrar.EnableJpaRepositoriesConfiguration: Query validation failed for 'select c from Course c where c.student.studentId = :studentId'
2026-03-24 12:08:19 [WARN] HHH90000025: PostgreSQLDialect does not need to be specified explicitly using 'hibernate.dialect' (remove the property setting and it will be selected by default)
2026-03-24 12:08:22 [WARN] Exception encountered during context initialization - cancelling refresh attempt: org.springframework.beans.factory.UnsatisfiedDependencyException: Error creating bean with name 'courseController' defined in file [C:\Users\om.kariya\Documents\tss swabhav training\AdvancedMapping\target\classes\com\tss\AdvancedMapping\controller\CourseController.class]: Unsatisfied dependency expressed through constructor parameter 0: Error creating bean with name 'courseServiceImpl' defined in file [C:\Users\om.kariya\Documents\tss swabhav training\AdvancedMapping\target\classes\com\tss\AdvancedMapping\service\implementations\CourseServiceImpl.class]: Unsatisfied dependency expressed through constructor parameter 1: Error creating bean with name 'courseRepository' defined in com.tss.AdvancedMapping.repository.CourseRepository defined in @EnableJpaRepositories declared on DataJpaRepositoriesRegistrar.EnableJpaRepositoriesConfiguration: Query validation failed for 'select c from Course c where c.student.studentId = :studentId'
2026-03-24 12:12:09 [WARN] HHH90000025: PostgreSQLDialect does not need to be specified explicitly using 'hibernate.dialect' (remove the property setting and it will be selected by default)
2026-03-24 12:12:13 [WARN] spring.jpa.open-in-view is enabled by default. Therefore, database queries may be performed during view rendering. Explicitly configure spring.jpa.open-in-view to disable this warning
2026-03-24 12:12:19 [WARN] Serializing PageImpl instances as-is is not supported, meaning that there is no guarantee about the stability of the resulting JSON structure!
	For a stable JSON structure, please use Spring Data's PagedModel (globally via @EnableSpringDataWebSupport(pageSerializationMode = VIA_DTO))
	or Spring HATEOAS and Spring Data's PagedResourcesAssembler as documented in https://docs.spring.io/spring-data/commons/reference/repositories/core-extensions.html#core.web.pageables.

2026-03-24 12:26:02 [WARN] Resolved [org.springframework.web.servlet.resource.NoResourceFoundException: No static resource courses/getStudents for request '/courses/getStudents'.]
2026-03-24 12:26:22 [WARN] HHH90000025: PostgreSQLDialect does not need to be specified explicitly using 'hibernate.dialect' (remove the property setting and it will be selected by default)
2026-03-24 12:26:25 [WARN] spring.jpa.open-in-view is enabled by default. Therefore, database queries may be performed during view rendering. Explicitly configure spring.jpa.open-in-view to disable this warning
2026-03-24 12:26:32 [WARN] Resolved [org.springframework.web.bind.MissingPathVariableException: Required URI template variable 'courseId' for method parameter type Long is not present]
2026-03-24 12:26:39 [WARN] Resolved [org.springframework.web.bind.MissingPathVariableException: Required URI template variable 'courseId' for method parameter type Long is not present]
2026-03-24 12:29:52 [WARN] Resolved [org.springframework.web.servlet.resource.NoResourceFoundException: No static resource courses/getStudents/1 for request '/courses/getStudents/1'.]
2026-03-24 12:30:13 [WARN] Resolved [org.springframework.web.servlet.resource.NoResourceFoundException: No static resource courses/getStudents/1 for request '/courses/getStudents/1'.]
2026-03-24 12:30:17 [WARN] Resolved [org.springframework.web.servlet.resource.NoResourceFoundException: No static resource courses/getStudents/1 for request '/courses/getStudents/1'.]
2026-03-24 12:30:22 [WARN] Resolved [org.springframework.web.servlet.resource.NoResourceFoundException: No static resource courses/getStudents/1 for request '/courses/getStudents/1'.]
2026-03-24 12:30:59 [WARN] Resolved [org.springframework.web.servlet.resource.NoResourceFoundException: No static resource courses/getStudents/1 for request '/courses/getStudents/1'.]
2026-03-24 12:31:01 [WARN] Resolved [org.springframework.web.servlet.resource.NoResourceFoundException: No static resource courses/getStudents/1 for request '/courses/getStudents/1'.]
2026-03-24 12:31:34 [WARN] HHH90000025: PostgreSQLDialect does not need to be specified explicitly using 'hibernate.dialect' (remove the property setting and it will be selected by default)
2026-03-24 12:31:40 [WARN] spring.jpa.open-in-view is enabled by default. Therefore, database queries may be performed during view rendering. Explicitly configure spring.jpa.open-in-view to disable this warning
2026-03-24 12:31:43 [WARN] Serializing PageImpl instances as-is is not supported, meaning that there is no guarantee about the stability of the resulting JSON structure!
	For a stable JSON structure, please use Spring Data's PagedModel (globally via @EnableSpringDataWebSupport(pageSerializationMode = VIA_DTO))
	or Spring HATEOAS and Spring Data's PagedResourcesAssembler as documented in https://docs.spring.io/spring-data/commons/reference/repositories/core-extensions.html#core.web.pageables.

2026-03-24 12:36:00 [WARN] HHH90000025: PostgreSQLDialect does not need to be specified explicitly using 'hibernate.dialect' (remove the property setting and it will be selected by default)
2026-03-24 12:36:03 [WARN] spring.jpa.open-in-view is enabled by default. Therefore, database queries may be performed during view rendering. Explicitly configure spring.jpa.open-in-view to disable this warning
2026-03-24 12:36:06 [WARN] Serializing PageImpl instances as-is is not supported, meaning that there is no guarantee about the stability of the resulting JSON structure!
	For a stable JSON structure, please use Spring Data's PagedModel (globally via @EnableSpringDataWebSupport(pageSerializationMode = VIA_DTO))
	or Spring HATEOAS and Spring Data's PagedResourcesAssembler as documented in https://docs.spring.io/spring-data/commons/reference/repositories/core-extensions.html#core.web.pageables.

2026-03-24 12:44:17 [WARN] Exception encountered during context initialization - cancelling refresh attempt: org.springframework.beans.factory.BeanDefinitionStoreException: I/O failure while processing configuration class [com.tss.AdvancedMapping.service.implementations.CourseServiceImpl]
2026-03-24 12:44:20 [WARN] Exception encountered during context initialization - cancelling refresh attempt: org.springframework.beans.factory.BeanDefinitionStoreException: I/O failure while processing configuration class [com.tss.AdvancedMapping.service.implementations.CourseServiceImpl]
2026-03-24 12:46:52 [WARN] HHH90000025: PostgreSQLDialect does not need to be specified explicitly using 'hibernate.dialect' (remove the property setting and it will be selected by default)
2026-03-24 12:46:56 [WARN] spring.jpa.open-in-view is enabled by default. Therefore, database queries may be performed during view rendering. Explicitly configure spring.jpa.open-in-view to disable this warning
2026-03-24 12:49:17 [WARN] Serializing PageImpl instances as-is is not supported, meaning that there is no guarantee about the stability of the resulting JSON structure!
	For a stable JSON structure, please use Spring Data's PagedModel (globally via @EnableSpringDataWebSupport(pageSerializationMode = VIA_DTO))
	or Spring HATEOAS and Spring Data's PagedResourcesAssembler as documented in https://docs.spring.io/spring-data/commons/reference/repositories/core-extensions.html#core.web.pageables.

2026-03-24 12:49:33 [WARN] Resolved [org.springframework.web.servlet.resource.NoResourceFoundException: No static resource students for request '/students'.]
2026-03-24 13:04:12 [WARN] HHH90000025: PostgreSQLDialect does not need to be specified explicitly using 'hibernate.dialect' (remove the property setting and it will be selected by default)
2026-03-24 13:04:16 [WARN] spring.jpa.open-in-view is enabled by default. Therefore, database queries may be performed during view rendering. Explicitly configure spring.jpa.open-in-view to disable this warning
2026-03-24 13:06:02 [WARN] HHH90000025: PostgreSQLDialect does not need to be specified explicitly using 'hibernate.dialect' (remove the property setting and it will be selected by default)
2026-03-24 13:06:07 [WARN] spring.jpa.open-in-view is enabled by default. Therefore, database queries may be performed during view rendering. Explicitly configure spring.jpa.open-in-view to disable this warning
